Component: ARM Compiler 5.06 (build 20) Tool: armlink [4d35a3]

==============================================================================

Section Cross References

    main.o(i.main) refers to hardware.o(i.init_hw) for init_hw
    main.o(i.main) refers to application.o(i.init_app) for init_app
    application.o(i.Delay) refers to tasks.o(i.xTaskGetSchedulerState) for xTaskGetSchedulerState
    application.o(i.Delay) refers to tasks.o(i.vTaskDelay) for vTaskDelay
    application.o(i.Flash_Fail_Callback) refers to retarget.o(i.DEBUG_printf) for DEBUG_printf
    application.o(i.Format_Progress_Callback) refers to retarget.o(i.DEBUG_printf) for DEBUG_printf
    application.o(i.assert_failed) refers to retarget.o(i.DEBUG_printf) for DEBUG_printf
    application.o(i.fs_error_callback) refers to retarget.o(i.DEBUG_printf) for DEBUG_printf
    application.o(i.fs_mutex_give) refers to tasks.o(i.xTaskGetSchedulerState) for xTaskGetSchedulerState
    application.o(i.fs_mutex_give) refers to queue.o(i.xQueueGenericSend) for xQueueGenericSend
    application.o(i.fs_mutex_give) refers to application.o(.data) for xMutex
    application.o(i.fs_mutex_take) refers to tasks.o(i.xTaskGetSchedulerState) for xTaskGetSchedulerState
    application.o(i.fs_mutex_take) refers to queue.o(i.xQueueGenericReceive) for xQueueGenericReceive
    application.o(i.fs_mutex_take) refers to application.o(.data) for xMutex
    application.o(i.init_app) refers to fs.o(i.fs_scan_media) for fs_scan_media
    application.o(i.init_app) refers to application.o(i.test_fs) for test_fs
    application.o(i.init_app) refers to application.o(i.print_file_list_and_files) for print_file_list_and_files
    application.o(i.init_app) refers to queue.o(i.xQueueCreateMutex) for xQueueCreateMutex
    application.o(i.init_app) refers to tasks.o(i.xTaskCreate) for xTaskCreate
    application.o(i.init_app) refers to tasks.o(i.vTaskStartScheduler) for vTaskStartScheduler
    application.o(i.init_app) refers to application.o(.data) for xMutex
    application.o(i.init_app) refers to application.o(i.task_A) for task_A
    application.o(i.print_file_list) refers to fs.o(i.reset_file_list) for reset_file_list
    application.o(i.print_file_list) refers to retarget.o(i.DEBUG_printf) for DEBUG_printf
    application.o(i.print_file_list) refers to fs.o(i.read_file_list) for read_file_list
    application.o(i.print_file_list_and_files) refers to fs.o(i.reset_file_list) for reset_file_list
    application.o(i.print_file_list_and_files) refers to retarget.o(i.DEBUG_printf) for DEBUG_printf
    application.o(i.print_file_list_and_files) refers to h1_realloc.o(.text) for realloc
    application.o(i.print_file_list_and_files) refers to fs.o(i.read_file_list) for read_file_list
    application.o(i.print_file_list_and_files) refers to tasks.o(i.xTaskGetSchedulerState) for xTaskGetSchedulerState
    application.o(i.print_file_list_and_files) refers to application.o(i.printf_text_file) for printf_text_file
    application.o(i.printf_file) refers to fs.o(i.fs_fopen) for fs_fopen
    application.o(i.printf_file) refers to retarget.o(i.DEBUG_printf) for DEBUG_printf
    application.o(i.printf_file) refers to fs.o(i.fs_fgetc) for fs_fgetc
    application.o(i.printf_file) refers to rt_ctype_table.o(.text) for __rt_ctype_table
    application.o(i.printf_file) refers to tasks.o(i.xTaskGetSchedulerState) for xTaskGetSchedulerState
    application.o(i.printf_file) refers to fs.o(i.fs_fclose) for fs_fclose
    application.o(i.printf_text_file) refers to fs.o(i.fs_fopen) for fs_fopen
    application.o(i.printf_text_file) refers to retarget.o(i.DEBUG_printf) for DEBUG_printf
    application.o(i.printf_text_file) refers to fs.o(i.fs_fgets) for fs_fgets
    application.o(i.printf_text_file) refers to fs.o(i.fs_fclose) for fs_fclose
    application.o(i.scan_dead_page_callback) refers to retarget.o(i.DEBUG_printf) for DEBUG_printf
    application.o(i.scan_end_callback) refers to retarget.o(i.DEBUG_printf) for DEBUG_printf
    application.o(i.scan_end_callback) refers to tasks.o(i.xTaskGetSchedulerState) for xTaskGetSchedulerState
    application.o(i.scan_end_callback) refers to tasks.o(i.xTaskResumeAll) for xTaskResumeAll
    application.o(i.scan_file_info_callback) refers to retarget.o(i.DEBUG_printf) for DEBUG_printf
    application.o(i.scan_fragment_callback) refers to retarget.o(i.DEBUG_printf) for DEBUG_printf
    application.o(i.scan_fs_callback) refers to retarget.o(i.DEBUG_printf) for DEBUG_printf
    application.o(i.scan_integrity_fail_callback) refers to retarget.o(i.DEBUG_printf) for DEBUG_printf
    application.o(i.scan_page_erased_callback) refers to retarget.o(i.DEBUG_printf) for DEBUG_printf
    application.o(i.scan_start_callback) refers to tasks.o(i.xTaskGetSchedulerState) for xTaskGetSchedulerState
    application.o(i.scan_start_callback) refers to tasks.o(i.vTaskSuspendAll) for vTaskSuspendAll
[...]
    .data                                    0x20000000   Section        8  application.o(.data)
    xMutex                                   0x20000004   Data           4  application.o(.data)
    .data                                    0x20000008   Section        4  hardware.o(.data)
    .data                                    0x2000000c   Section       64  comm.o(.data)
    rb1                                      0x2000000c   Data          32  comm.o(.data)
    rb4                                      0x2000002c   Data          32  comm.o(.data)
    .data                                    0x2000004c   Section       12  retarget.o(.data)
    .data                                    0x20000058   Section       20  system_stm32f10x.o(.data)
    .data                                    0x2000006c   Section       60  tasks.o(.data)
    pxDelayedTaskList                        0x20000070   Data           4  tasks.o(.data)
    pxOverflowDelayedTaskList                0x20000074   Data           4  tasks.o(.data)
    uxDeletedTasksWaitingCleanUp             0x20000078   Data           4  tasks.o(.data)
    uxCurrentNumberOfTasks                   0x2000007c   Data           4  tasks.o(.data)
    xTickCount                               0x20000080   Data           4  tasks.o(.data)
    uxTopReadyPriority                       0x20000084   Data           4  tasks.o(.data)
    xSchedulerRunning                        0x20000088   Data           4  tasks.o(.data)
    uxPendedTicks                            0x2000008c   Data           4  tasks.o(.data)
    xYieldPending                            0x20000090   Data           4  tasks.o(.data)
    xNumOfOverflows                          0x20000094   Data           4  tasks.o(.data)
    uxTaskNumber                             0x20000098   Data           4  tasks.o(.data)
    xNextTaskUnblockTime                     0x2000009c   Data           4  tasks.o(.data)
    xIdleTaskHandle                          0x200000a0   Data           4  tasks.o(.data)
    uxSchedulerSuspended                     0x200000a4   Data           4  tasks.o(.data)
    .data                                    0x200000a8   Section       12  port.o(.data)
    uxCriticalNesting                        0x200000a8   Data           4  port.o(.data)
    ucMaxSysCallPriority                     0x200000ac   Data           1  port.o(.data)
    ulMaxPRIGROUPValue                       0x200000b0   Data           4  port.o(.data)
    .data                                    0x200000b4   Section       20  fs.o(.data)
    .data                                    0x200000c8   Section       18  flash_driver.o(.data)
    .bss                                     0x200000dc   Section     1408  comm.o(.bss)
    rx1_buf                                  0x200000dc   Data         256  comm.o(.bss)
    tx1_buf                                  0x200001dc   Data        1024  comm.o(.bss)
    rx4_buf                                  0x200005dc   Data          64  comm.o(.bss)
    tx4_buf                                  0x2000061c   Data          64  comm.o(.bss)
    .bss                                     0x2000065c   Section      240  tasks.o(.bss)
    pxReadyTasksLists                        0x2000065c   Data         140  tasks.o(.bss)
    xDelayedTaskList1                        0x200006e8   Data          20  tasks.o(.bss)
    xDelayedTaskList2                        0x200006fc   Data          20  tasks.o(.bss)
    xPendingReadyList                        0x20000710   Data          20  tasks.o(.bss)
    xTasksWaitingTermination                 0x20000724   Data          20  tasks.o(.bss)
    xSuspendedTaskList                       0x20000738   Data          20  tasks.o(.bss)
    .bss                                     0x2000074c   Section       18  fs.o(.bss)
    .bss                                     0x20000760   Section       96  libspace.o(.bss)
    HEAP                                     0x200007c0   Section    45056  startup_stm32f10x_cl.o(HEAP)
    Heap_Mem                                 0x200007c0   Data       45056  startup_stm32f10x_cl.o(HEAP)
    STACK                                    0x2000b7c0   Section     1024  startup_stm32f10x_cl.o(STACK)
    Stack_Mem                                0x2000b7c0   Data        1024  startup_stm32f10x_cl.o(STACK)
    __initial_sp                             0x2000bbc0   Data           0  startup_stm32f10x_cl.o(STACK)

    Global Symbols

    Symbol Name                              Value     Ov Type        Size  Object(Section)

    BuildAttributes$$THM_ISAv4$P$D$K$B$S$PE$A:L22UL41UL21$X:L11$S22US41US21$IEEE1$IW$USESV6$~STKCKD$USESV7$~SHL$OTIME$ROPI$IEEEJ$EBA8$UX$STANDARDLIB$REQ8$PRES8$EABIv2 0x00000000   Number         0  anon$$obj.o ABSOLUTE
    __ARM_use_no_argv                        0x00000000   Number         0  main.o ABSOLUTE
    _printf_flags                            0x00000000   Number         0  printf_stubs.o ABSOLUTE
    _printf_return_value                     0x00000000   Number         0  printf_stubs.o ABSOLUTE
    _printf_sizespec                         0x00000000   Number         0  printf_stubs.o ABSOLUTE
    _printf_widthprec                        0x00000000   Number         0  printf_stubs.o ABSOLUTE
    __ARM_exceptions_init                     - Undefined Weak Reference
    __alloca_initialize                       - Undefined Weak Reference
    __arm_preinit_                            - Undefined Weak Reference
    __cpp_initialize__aeabi_                  - Undefined Weak Reference
    __cxa_finalize                            - Undefined Weak Reference
    __sigvec_lookup                           - Undefined Weak Reference
    __user_heap_extent                        - Undefined Weak Reference
    _atexit_init                              - Undefined Weak Reference
    _call_atexit_fns                          - Undefined Weak Reference
    _clock_init                               - Undefined Weak Reference
    _fp_trap_init                             - Undefined Weak Reference
    _fp_trap_shutdown                         - Undefined Weak Reference
    _get_lc_collate                           - Undefined Weak Reference
    _get_lc_monetary                          - Undefined Weak Reference
    _get_lc_time                              - Undefined Weak Reference
    _getenv_init                              - Undefined Weak Reference
    _handle_redirection                       - Undefined Weak Reference
    _initio                                   - Undefined Weak Reference
    _mutex_acquire                            - Undefined Weak Reference
    _mutex_free                               - Undefined Weak Reference
    _mutex_release                            - Undefined Weak Reference
    _printf_fp_hex                            - Undefined Weak Reference
    _printf_mbtowc                            - Undefined Weak Reference
    _printf_wc                                - Undefined Weak Reference
    _rand_init                                - Undefined Weak Reference
    _signal_finish                            - Undefined Weak Reference
    _signal_init                              - Undefined Weak Reference
    _terminateio                              - Undefined Weak Reference
    __Vectors_Size                           0x00000150   Number         0  startup_stm32f10x_cl.o ABSOLUTE
    __Vectors                                0x08000000   Data           4  startup_stm32f10x_cl.o(RESET)
    __Vectors_End                            0x08000150   Data           0  startup_stm32f10x_cl.o(RESET)
    __main                                   0x08000151   Thumb Code     8  __main.o(!!!main)
    __scatterload                            0x08000159   Thumb Code     0  __scatter.o(!!!scatter)
    __scatterload_rt2                        0x08000159   Thumb Code    44  __scatter.o(!!!scatter)
    __scatterload_rt2_thumb_only             0x08000159   Thumb Code     0  __scatter.o(!!!scatter)
    __scatterload_null                       0x08000167   Thumb Code     0  __scatter.o(!!!scatter)
    __scatterload_copy                       0x0800018d   Thumb Code    26  __scatter_copy.o(!!handler_copy)
    __scatterload_zeroinit                   0x080001a9   Thumb Code    28  __scatter_zi.o(!!handler_zi)
    _printf_n                                0x080001c5   Thumb Code     0  _printf_n.o(.ARM.Collect$$_printf_percent$$00000001)
    _printf_percent                          0x080001c5   Thumb Code     0  _printf_percent.o(.ARM.Collect$$_printf_percent$$00000000)
    _printf_p                                0x080001cb   Thumb Code     0  _printf_p.o(.ARM.Collect$$_printf_percent$$00000002)
    _printf_f                                0x080001d1   Thumb Code     0  _printf_f.o(.ARM.Collect$$_printf_percent$$00000003)
    _printf_e                                0x080001d7   Thumb Code     0  _printf_e.o(.ARM.Collect$$_printf_percent$$00000004)
    _printf_g                                0x080001dd   Thumb Code     0  _printf_g.o(.ARM.Collect$$_printf_percent$$00000005)
    _printf_a                                0x080001e3   Thumb Code     0  _printf_a.o(.ARM.Collect$$_printf_percent$$00000006)
    _printf_ll                               0x080001e9   Thumb Code     0  _printf_ll.o(.ARM.Collect$$_printf_percent$$00000007)
    _printf_i                                0x080001f3   Thumb Code     0  _printf_i.o(.ARM.Collect$$_printf_percent$$00000008)
    _printf_d                                0x080001f9   Thumb Code     0  _printf_d.o(.ARM.Collect$$_printf_percent$$00000009)
    _printf_u                                0x080001ff   Thumb Code     0  _printf_u.o(.ARM.Collect$$_printf_percent$$0000000A)
    _printf_o                                0x08000205   Thumb Code     0  _printf_o.o(.ARM.Collect$$_printf_percent$$0000000B)
    _printf_x                                0x0800020b   Thumb Code     0  _printf_x.o(.ARM.Collect$$_printf_percent$$0000000C)
    _printf_lli                              0x08000211   Thumb Code     0  _printf_lli.o(.ARM.Collect$$_printf_percent$$0000000D)
    _printf_lld                              0x08000217   Thumb Code     0  _printf_lld.o(.ARM.Collect$$_printf_percent$$0000000E)
    _printf_llu                              0x0800021d   Thumb Code     0  _printf_llu.o(.ARM.Collect$$_printf_percent$$0000000F)
    _printf_llo                              0x08000223   Thumb Code     0  _printf_llo.o(.ARM.Collect$$_printf_percent$$00000010)
    _printf_llx                              0x08000229   Thumb Code     0  _printf_llx.o(.ARM.Collect$$_printf_percent$$00000011)
    _printf_l                                0x0800022f   Thumb Code     0  _printf_l.o(.ARM.Collect$$_printf_percent$$00000012)
    _printf_c                                0x08000239   Thumb Code     0  _printf_c.o(.ARM.Collect$$_printf_percent$$00000013)
    _printf_s                                0x0800023f   Thumb Code     0  _printf_s.o(.ARM.Collect$$_printf_percent$$00000014)
    _printf_lc                               0x08000245   Thumb Code     0  _printf_lc.o(.ARM.Collect$$_printf_percent$$00000015)
    _printf_ls                               0x0800024b   Thumb Code     0  _printf_ls.o(.ARM.Collect$$_printf_percent$$00000016)
    _printf_percent_end                      0x08000251   Thumb Code     0  _printf_percent_end.o(.ARM.Collect$$_printf_percent$$00000017)
    __rt_lib_init                            0x08000255   Thumb Code     0  libinit.o(.ARM.Collect$$libinit$$00000000)
    __rt_lib_init_fp_1                       0x08000257   Thumb Code     0  libinit2.o(.ARM.Collect$$libinit$$00000002)
    __rt_lib_init_heap_2                     0x08000257   Thumb Code     0  libinit2.o(.ARM.Collect$$libinit$$00000005)
    __rt_lib_init_preinit_1                  0x08000257   Thumb Code     0  libinit2.o(.ARM.Collect$$libinit$$00000004)
    __rt_lib_init_heap_1                     0x0800025f   Thumb Code     0  libinit2.o(.ARM.Collect$$libinit$$0000000A)
    __rt_lib_init_lc_common                  0x0800025f   Thumb Code     0  libinit2.o(.ARM.Collect$$libinit$$0000000F)
    __rt_lib_init_rand_1                     0x0800025f   Thumb Code     0  libinit2.o(.ARM.Collect$$libinit$$0000000E)
    __rt_lib_init_user_alloc_1               0x0800025f   Thumb Code     0  libinit2.o(.ARM.Collect$$libinit$$0000000C)
    __rt_lib_init_lc_collate_1               0x08000265   Thumb Code     0  libinit2.o(.ARM.Collect$$libinit$$00000011)
    __rt_lib_init_lc_ctype_2                 0x08000265   Thumb Code     0  libinit2.o(.ARM.Collect$$libinit$$00000012)
    __rt_lib_init_lc_ctype_1                 0x08000271   Thumb Code     0  libinit2.o(.ARM.Collect$$libinit$$00000013)
    __rt_lib_init_lc_monetary_1              0x08000271   Thumb Code     0  libinit2.o(.ARM.Collect$$libinit$$00000015)
    __rt_lib_init_lc_numeric_2               0x08000271   Thumb Code     0  libinit2.o(.ARM.Collect$$libinit$$00000016)
    __rt_lib_init_alloca_1                   0x0800027b   Thumb Code     0  libinit2.o(.ARM.Collect$$libinit$$0000002E)
    __rt_lib_init_argv_1                     0x0800027b   Thumb Code     0  libinit2.o(.ARM.Collect$$libinit$$0000002C)
    __rt_lib_init_atexit_1                   0x0800027b   Thumb Code     0  libinit2.o(.ARM.Collect$$libinit$$0000001B)
    __rt_lib_init_clock_1                    0x0800027b   Thumb Code     0  libinit2.o(.ARM.Collect$$libinit$$00000021)
    __rt_lib_init_cpp_1                      0x0800027b   Thumb Code     0  libinit2.o(.ARM.Collect$$libinit$$00000032)
    __rt_lib_init_exceptions_1               0x0800027b   Thumb Code     0  libinit2.o(.ARM.Collect$$libinit$$00000030)
    __rt_lib_init_fp_trap_1                  0x0800027b   Thumb Code     0  libinit2.o(.ARM.Collect$$libinit$$0000001F)
    __rt_lib_init_getenv_1                   0x0800027b   Thumb Code     0  libinit2.o(.ARM.Collect$$libinit$$00000023)
    __rt_lib_init_lc_numeric_1               0x0800027b   Thumb Code     0  libinit2.o(.ARM.Collect$$libinit$$00000017)
    __rt_lib_init_lc_time_1                  0x0800027b   Thumb Code     0  libinit2.o(.ARM.Collect$$libinit$$00000019)
    __rt_lib_init_return                     0x0800027b   Thumb Code     0  libinit2.o(.ARM.Collect$$libinit$$00000033)
    __rt_lib_init_signal_1                   0x0800027b   Thumb Code     0  libinit2.o(.ARM.Collect$$libinit$$0000001D)
    __rt_lib_init_stdio_1                    0x0800027b   Thumb Code     0  libinit2.o(.ARM.Collect$$libinit$$00000025)
    __rt_lib_shutdown                        0x0800027d   Thumb Code     0  libshutdown.o(.ARM.Collect$$libshutdown$$00000000)
    __rt_lib_shutdown_cpp_1                  0x0800027f   Thumb Code     0  libshutdown2.o(.ARM.Collect$$libshutdown$$00000002)
    __rt_lib_shutdown_fp_trap_1              0x0800027f   Thumb Code     0  libshutdown2.o(.ARM.Collect$$libshutdown$$00000007)
    __rt_lib_shutdown_heap_1                 0x0800027f   Thumb Code     0  libshutdown2.o(.ARM.Collect$$libshutdown$$0000000F)
    __rt_lib_shutdown_return                 0x0800027f   Thumb Code     0  libshutdown2.o(.ARM.Collect$$libshutdown$$00000010)
    __rt_lib_shutdown_signal_1               0x0800027f   Thumb Code     0  libshutdown2.o(.ARM.Collect$$libshutdown$$0000000A)
    __rt_lib_shutdown_stdio_1                0x0800027f   Thumb Code     0  libshutdown2.o(.ARM.Collect$$libshutdown$$00000004)
    __rt_lib_shutdown_user_alloc_1           0x0800027f   Thumb Code     0  libshutdown2.o(.ARM.Collect$$libshutdown$$0000000C)
    __rt_entry                               0x08000281   Thumb Code     0  __rtentry.o(.ARM.Collect$$rtentry$$00000000)
    __rt_entry_presh_1                       0x08000281   Thumb Code     0  __rtentry2.o(.ARM.Collect$$rtentry$$00000002)
    __rt_entry_sh                            0x08000281   Thumb Code     0  __rtentry4.o(.ARM.Collect$$rtentry$$00000004)
    __rt_entry_li                            0x08000287   Thumb Code     0  __rtentry2.o(.ARM.Collect$$rtentry$$0000000A)
    __rt_entry_postsh_1                      0x08000287   Thumb Code     0  __rtentry2.o(.ARM.Collect$$rtentry$$00000009)
    __rt_entry_main                          0x0800028b   Thumb Code     0  __rtentry2.o(.ARM.Collect$$rtentry$$0000000D)
    __rt_entry_postli_1                      0x0800028b   Thumb Code     0  __rtentry2.o(.ARM.Collect$$rtentry$$0000000C)
    __rt_exit                                0x08000293   Thumb Code     0  rtexit.o(.ARM.Collect$$rtexit$$00000000)
    __rt_exit_ls                             0x08000295   Thumb Code     0  rtexit2.o(.ARM.Collect$$rtexit$$00000003)
    __rt_exit_prels_1                        0x08000295   Thumb Code     0  rtexit2.o(.ARM.Collect$$rtexit$$00000002)
    __rt_exit_exit                           0x08000299   Thumb Code     0  rtexit2.o(.ARM.Collect$$rtexit$$00000004)
    SVC_Handler                              0x080002a1   Thumb Code    32  port.o(.emb_text)
    __asm___6_port_c_39a90d8d__prvStartFirstTask 0x080002c5   Thumb Code    28  port.o(.emb_text)
    PendSV_Handler                           0x080002e5   Thumb Code    72  port.o(.emb_text)
    vPortGetIPSR                             0x08000331   Thumb Code     6  port.o(.emb_text)
    Reset_Handler                            0x08000339   Thumb Code     8  startup_stm32f10x_cl.o(.text)
    _maybe_terminate_alloc                   0x08000339   Thumb Code     0  maybetermalloc1.o(.emb_text)
    NMI_Handler                              0x08000341   Thumb Code     2  startup_stm32f10x_cl.o(.text)
    MemManage_Handler                        0x08000345   Thumb Code     2  startup_stm32f10x_cl.o(.text)
    BusFault_Handler                         0x08000347   Thumb Code     2  startup_stm32f10x_cl.o(.text)
    UsageFault_Handler                       0x08000349   Thumb Code     2  startup_stm32f10x_cl.o(.text)
    DebugMon_Handler                         0x0800034d   Thumb Code     2  startup_stm32f10x_cl.o(.text)
    ADC1_2_IRQHandler                        0x08000353   Thumb Code     0  startup_stm32f10x_cl.o(.text)
    CAN1_RX0_IRQHandler                      0x08000353   Thumb Code     0  startup_stm32f10x_cl.o(.text)
    CAN1_RX1_IRQHandler                      0x08000353   Thumb Code     0  startup_stm32f10x_cl.o(.text)
    CAN1_SCE_IRQHandler                      0x08000353   Thumb Code     0  startup_stm32f10x_cl.o(.text)
    CAN1_TX_IRQHandler                       0x08000353   Thumb Code     0  startup_stm32f10x_cl.o(.text)
    CAN2_RX0_IRQHandler                      0x08000353   Thumb Code     0  startup_stm32f10x_cl.o(.text)
    CAN2_RX1_IRQHandler                      0x08000353   Thumb Code     0  startup_stm32f10x_cl.o(.text)
    CAN2_SCE_IRQHandler                      0x08000353   Thumb Code     0  startup_stm32f10x_cl.o(.text)
    CAN2_TX_IRQHandler                       0x08000353   Thumb Code     0  startup_stm32f10x_cl.o(.text)
    DMA1_Channel1_IRQHandler                 0x08000353   Thumb Code     0  startup_stm32f10x_cl.o(.text)
    DMA1_Channel2_IRQHandler                 0x08000353   Thumb Code     0  startup_stm32f10x_cl.o(.text)
    DMA1_Channel3_IRQHandler                 0x08000353   Thumb Code     0  startup_stm32f10x_cl.o(.text)
    DMA1_Channel4_IRQHandler                 0x08000353   Thumb Code     0  startup_stm32f10x_cl.o(.text)
    DMA1_Channel5_IRQHandler                 0x08000353   Thumb Code     0  startup_stm32f10x_cl.o(.text)
    DMA1_Channel6_IRQHandler                 0x08000353   Thumb Code     0  startup_stm32f10x_cl.o(.text)
    DMA1_Channel7_IRQHandler                 0x08000353   Thumb Code     0  startup_stm32f10x_cl.o(.text)
    DMA2_Channel1_IRQHandler                 0x08000353   Thumb Code     0  startup_stm32f10x_cl.o(.text)
    DMA2_Channel2_IRQHandler                 0x08000353   Thumb Code     0  startup_stm32f10x_cl.o(.text)
    DMA2_Channel3_IRQHandler                 0x08000353   Thumb Code     0  startup_stm32f10x_cl.o(.text)
    DMA2_Channel4_IRQHandler                 0x08000353   Thumb Code     0  startup_stm32f10x_cl.o(.text)
    DMA2_Channel5_IRQHandler                 0x08000353   Thumb Code     0  startup_stm32f10x_cl.o(.text)
    ETH_IRQHandler                           0x08000353   Thumb Code     0  startup_stm32f10x_cl.o(.text)
    ETH_WKUP_IRQHandler                      0x08000353   Thumb Code     0  startup_stm32f10x_cl.o(.text)
    EXTI0_IRQHandler                         0x08000353   Thumb Code     0  startup_stm32f10x_cl.o(.text)
    EXTI15_10_IRQHandler                     0x08000353   Thumb Code     0  startup_stm32f10x_cl.o(.text)
    EXTI1_IRQHandler                         0x08000353   Thumb Code     0  startup_stm32f10x_cl.o(.text)
    EXTI2_IRQHandler                         0x08000353   Thumb Code     0  startup_stm32f10x_cl.o(.text)
    EXTI3_IRQHandler                         0x08000353   Thumb Code     0  startup_stm32f10x_cl.o(.text)
    EXTI4_IRQHandler                         0x08000353   Thumb Code     0  startup_stm32f10x_cl.o(.text)
    EXTI9_5_IRQHandler                       0x08000353   Thumb Code     0  startup_stm32f10x_cl.o(.text)
    FLASH_IRQHandler                         0x08000353   Thumb Code     0  startup_stm32f10x_cl.o(.text)
    I2C1_ER_IRQHandler                       0x08000353   Thumb Code     0  startup_stm32f10x_cl.o(.text)
    I2C1_EV_IRQHandler                       0x08000353   Thumb Code     0  startup_stm32f10x_cl.o(.text)
    I2C2_ER_IRQHandler                       0x08000353   Thumb Code     0  startup_stm32f10x_cl.o(.text)
    I2C2_EV_IRQHandler                       0x08000353   Thumb Code     0  startup_stm32f10x_cl.o(.text)
    OTG_FS_IRQHandler                        0x08000353   Thumb Code     0  startup_stm32f10x_cl.o(.text)
    OTG_FS_WKUP_IRQHandler                   0x08000353   Thumb Code     0  startup_stm32f10x_cl.o(.text)
    PVD_IRQHandler                           0x08000353   Thumb Code     0  startup_stm32f10x_cl.o(.text)
    RCC_IRQHandler                           0x08000353   Thumb Code     0  startup_stm32f10x_cl.o(.text)
    RTCAlarm_IRQHandler                      0x08000353   Thumb Code     0  startup_stm32f10x_cl.o(.text)
    RTC_IRQHandler                           0x08000353   Thumb Code     0  startup_stm32f10x_cl.o(.text)
    SPI1_IRQHandler                          0x08000353   Thumb Code     0  startup_stm32f10x_cl.o(.text)
    SPI2_IRQHandler                          0x08000353   Thumb Code     0  startup_stm32f10x_cl.o(.text)
    SPI3_IRQHandler                          0x08000353   Thumb Code     0  startup_stm32f10x_cl.o(.text)
    TAMPER_IRQHandler                        0x08000353   Thumb Code     0  startup_stm32f10x_cl.o(.text)
    TIM1_BRK_IRQHandler                      0x08000353   Thumb Code     0  startup_stm32f10x_cl.o(.text)
    TIM1_CC_IRQHandler                       0x08000353   Thumb Code     0  startup_stm32f10x_cl.o(.text)
    TIM1_TRG_COM_IRQHandler                  0x08000353   Thumb Code     0  startup_stm32f10x_cl.o(.text)
    TIM1_UP_IRQHandler                       0x08000353   Thumb Code     0  startup_stm32f10x_cl.o(.text)
    TIM3_IRQHandler                          0x08000353   Thumb Code     0  startup_stm32f10x_cl.o(.text)
    TIM4_IRQHandler                          0x08000353   Thumb Code     0  startup_stm32f10x_cl.o(.text)
    TIM5_IRQHandler                          0x08000353   Thumb Code     0  startup_stm32f10x_cl.o(.text)
    TIM6_IRQHandler                          0x08000353   Thumb Code     0  startup_stm32f10x_cl.o(.text)
    TIM7_IRQHandler                          0x08000353   Thumb Code     0  startup_stm32f10x_cl.o(.text)
    UART5_IRQHandler                         0x08000353   Thumb Code     0  startup_stm32f10x_cl.o(.text)
    WWDG_IRQHandler                          0x08000353   Thumb Code     0  startup_stm32f10x_cl.o(.text)
    __user_initial_stackheap                 0x08000355   Thumb Code     0  startup_stm32f10x_cl.o(.text)
    __I$use$semihosting                      0x08000379   Thumb Code     0  use_no_semi.o(.text)
    __use_no_semihosting_swi                 0x08000379   Thumb Code     2  use_no_semi.o(.text)
    __rt_ctype_table                         0x0800037d   Thumb Code    16  rt_ctype_table.o(.text)
    calloc                                   0x0800038d   Thumb Code    40  calloc.o(.text)
    malloc                                   0x080003b5   Thumb Code    94  h1_alloc.o(.text)
    free                                     0x08000413   Thumb Code    78  h1_free.o(.text)
    realloc                                  0x08000461   Thumb Code   184  h1_realloc.o(.text)
    toupper                                  0x08000519   Thumb Code    30  toupper.o(.text)
    __c89vprintf                             0x08000539   Thumb Code     8  c89vprintf.o(.text)
    __2sprintf                               0x08000545   Thumb Code    38  __2sprintf.o(.text)
    _printf_int_dec                          0x08000571   Thumb Code   104  _printf_dec.o(.text)
    __printf                                 0x080005e9   Thumb Code   388  __printf_flags_ss_wp.o(.text)
    strcpy                                   0x08000771   Thumb Code    72  strcpy.o(.text)
    strlen                                   0x080007b9   Thumb Code    62  strlen.o(.text)
    __aeabi_memcpy                           0x080007f7   Thumb Code     0  rt_memcpy_v6.o(.text)
    __rt_memcpy                              0x080007f7   Thumb Code   138  rt_memcpy_v6.o(.text)
    _memcpy_lastbytes                        0x0800085d   Thumb Code     0  rt_memcpy_v6.o(.text)
    __aeabi_memset                           0x08000881   Thumb Code    16  aeabi_memset.o(.text)
    __aeabi_memclr                           0x08000891   Thumb Code     0  rt_memclr.o(.text)
    __rt_memclr                              0x08000891   Thumb Code    68  rt_memclr.o(.text)
    _memset                                  0x08000895   Thumb Code     0  rt_memclr.o(.text)
    strcmp                                   0x080008d5   Thumb Code   128  strcmpv7m.o(.text)
    __use_two_region_memory                  0x08000955   Thumb Code     2  heapauxi.o(.text)
    __rt_heap_escrow                         0x08000957   Thumb Code     2  heapauxi.o(.text)
    __rt_heap_expand                         0x08000959   Thumb Code     2  heapauxi.o(.text)
    __rt_heap_descriptor                     0x0800095d   Thumb Code     8  rt_heap_descriptor_intlibspace.o(.text)
    __rt_locale                              0x08000965   Thumb Code     8  rt_locale_intlibspace.o(.text)
    __use_no_heap                            0x0800096d   Thumb Code     2  hguard.o(.text)
    __heap$guard                             0x0800096f   Thumb Code     2  hguard.o(.text)
    _terminate_user_alloc                    0x08000971   Thumb Code     2  init_alloc.o(.text)
    _init_user_alloc                         0x08000973   Thumb Code     2  init_alloc.o(.text)
    __Heap_Full                              0x08000975   Thumb Code    34  init_alloc.o(.text)
    __Heap_Broken                            0x08000997   Thumb Code     6  init_alloc.o(.text)
    _init_alloc                              0x0800099d   Thumb Code    94  init_alloc.o(.text)
    __Heap_Initialize                        0x080009fb   Thumb Code    10  h1_init.o(.text)
    __Heap_DescSize                          0x08000a05   Thumb Code     4  h1_init.o(.text)
    _printf_pre_padding                      0x08000a09   Thumb Code    44  _printf_pad.o(.text)
    _printf_post_padding                     0x08000a35   Thumb Code    34  _printf_pad.o(.text)
    _printf_truncate_signed                  0x08000a57   Thumb Code    18  _printf_truncate.o(.text)
    _printf_truncate_unsigned                0x08000a69   Thumb Code    18  _printf_truncate.o(.text)
    _printf_str                              0x08000a7b   Thumb Code    82  _printf_str.o(.text)
    _printf_int_common                       0x08000acd   Thumb Code   178  _printf_intcommon.o(.text)
    _printf_charcount                        0x08000b7f   Thumb Code    40  _printf_charcount.o(.text)
    _printf_char_common                      0x08000bb3   Thumb Code    32  _printf_char_common.o(.text)
    _sputc                                   0x08000bd9   Thumb Code    10  _sputc.o(.text)
    _printf_char_file                        0x08000be5   Thumb Code    32  _printf_char_file.o(.text)
    _printf_wctomb                           0x08000c09   Thumb Code   182  _printf_wctomb.o(.text)
    _printf_longlong_dec                     0x08000cc5   Thumb Code   108  _printf_longlong_dec.o(.text)
    _printf_longlong_oct                     0x08000d41   Thumb Code    68  _printf_oct_int_ll.o(.text)
    _printf_int_oct                          0x08000d85   Thumb Code    24  _printf_oct_int_ll.o(.text)
    _printf_ll_oct                           0x08000d9d   Thumb Code    12  _printf_oct_int_ll.o(.text)
    _printf_longlong_hex                     0x08000db1   Thumb Code    86  _printf_hex_int_ll_ptr.o(.text)
    _printf_int_hex                          0x08000e07   Thumb Code    28  _printf_hex_int_ll_ptr.o(.text)
    _printf_ll_hex                           0x08000e23   Thumb Code    12  _printf_hex_int_ll_ptr.o(.text)
    _printf_hex_ptr                          0x08000e2f   Thumb Code    18  _printf_hex_int_ll_ptr.o(.text)
    __aeabi_memcpy4                          0x08000e45   Thumb Code     0  rt_memcpy_w.o(.text)
    __aeabi_memcpy8                          0x08000e45   Thumb Code     0  rt_memcpy_w.o(.text)
    __rt_memcpy_w                            0x08000e45   Thumb Code   100  rt_memcpy_w.o(.text)
    _memcpy_lastbytes_aligned                0x08000e8d   Thumb Code     0  rt_memcpy_w.o(.text)
    __aeabi_memclr4                          0x08000ea9   Thumb Code     0  rt_memclr_w.o(.text)
    __aeabi_memclr8                          0x08000ea9   Thumb Code     0  rt_memclr_w.o(.text)
    __rt_memclr_w                            0x08000ea9   Thumb Code    78  rt_memclr_w.o(.text)
    _memset_w                                0x08000ead   Thumb Code     0  rt_memclr_w.o(.text)
    __user_libspace                          0x08000ef9   Thumb Code     8  libspace.o(.text)
    __user_perproc_libspace                  0x08000ef9   Thumb Code     0  libspace.o(.text)
    __user_perthread_libspace                0x08000ef9   Thumb Code     0  libspace.o(.text)
    __Heap_ProvideMemory                     0x08000f01   Thumb Code    52  h1_extend.o(.text)
    _ll_udiv10                               0x08000f35   Thumb Code   138  lludiv10.o(.text)
    __lib_sel_fp_printf                      0x08000fbf   Thumb Code     2  _printf_fp_dec.o(.text)
    _printf_fp_dec_real                      0x0800116d   Thumb Code   620  _printf_fp_dec.o(.text)
    _printf_cs_common                        0x080013d9   Thumb Code    20  _printf_char.o(.text)
    _printf_char                             0x080013ed   Thumb Code    16  _printf_char.o(.text)
    _printf_string                           0x080013fd   Thumb Code     8  _printf_char.o(.text)
    _printf_lcs_common                       0x08001405   Thumb Code    20  _printf_wchar.o(.text)
    _printf_wchar                            0x08001419   Thumb Code    16  _printf_wchar.o(.text)
    _printf_wstring                          0x08001429   Thumb Code     8  _printf_wchar.o(.text)
    _wcrtomb                                 0x08001431   Thumb Code    64  _wcrtomb.o(.text)
    __rt_SIGRTMEM                            0x08001471   Thumb Code    14  defsig_rtmem_outer.o(.text)
    __user_setup_stackheap                   0x0800147f   Thumb Code    74  sys_stackheap_outer.o(.text)
    _printf_fp_infnan                        0x080014c9   Thumb Code   112  _printf_fp_infnan.o(.text)
    _btod_etento                             0x08001549   Thumb Code   216  bigflt0.o(.text)
    exit                                     0x08001625   Thumb Code    18  exit.o(.text)
    __sig_exit                               0x08001637   Thumb Code    10  defsig_exit.o(.text)
    __rt_SIGRTMEM_inner                      0x08001641   Thumb Code    22  defsig_rtmem_inner.o(.text)
    __default_signal_display                 0x08001691   Thumb Code    50  defsig_general.o(.text)
    _btod_d2e                                0x080016c3   Thumb Code    62  btod.o(CL$$btod_d2e)
    _d2e_denorm_low                          0x08001701   Thumb Code    70  btod.o(CL$$btod_d2e_denorm_low)
    _d2e_norm_op1                            0x08001747   Thumb Code    96  btod.o(CL$$btod_d2e_norm_op1)
    __btod_div_common                        0x080017a7   Thumb Code   696  btod.o(CL$$btod_div_common)
    _e2e                                     0x08001adf   Thumb Code   198  btod.o(CL$$btod_e2e)
    _btod_ediv                               0x08001ba5   Thumb Code    40  btod.o(CL$$btod_ediv)
    _btod_emul                               0x08001bcd   Thumb Code    40  btod.o(CL$$btod_emul)
    __btod_mult_common                       0x08001bf5   Thumb Code   580  btod.o(CL$$btod_mult_common)
    COMM_UART_IRQHandler                     0x08001e39   Thumb Code   184  comm.o(i.COMM_UART_IRQHandler)
    DEBUG_printf                             0x08001ef1   Thumb Code    52  retarget.o(i.DEBUG_printf)
    DEBUG_putchar                            0x08001f31   Thumb Code    28  retarget.o(i.DEBUG_putchar)
    Deselect_Flash                           0x08001f51   Thumb Code     8  hardware.o(i.Deselect_Flash)
    EWSR                                     0x08001f5d   Thumb Code    24  hardware.o(i.EWSR)
    Flash_Erase_Sector                       0x08001f79   Thumb Code    32  flash_driver.o(i.Flash_Erase_Sector)
    Flash_Fail_Callback                      0x08001f99   Thumb Code    10  application.o(i.Flash_Fail_Callback)
    Flash_Hold                               0x08001fb5   Thumb Code    20  hardware.o(i.Flash_Hold)
    Flash_WP                                 0x08001fcd   Thumb Code    20  hardware.o(i.Flash_WP)
    Flash_WRDI                               0x08001fe5   Thumb Code    22  flash_driver.o(i.Flash_WRDI)
    Flash_WREN                               0x08001ffb   Thumb Code    22  flash_driver.o(i.Flash_WREN)
    GPIO_Init                                0x08002011   Thumb Code   378  stm32f10x_gpio.o(i.GPIO_Init)
    HAL_RCC_GetPCLK1Freq                     0x080021dd   Thumb Code    34  comm.o(i.HAL_RCC_GetPCLK1Freq)
    HAL_RCC_GetPCLK2Freq                     0x0800220d   Thumb Code    34  comm.o(i.HAL_RCC_GetPCLK2Freq)
    HardFault_Handler                        0x0800223d   Thumb Code    34  application.o(i.HardFault_Handler)
    Read_Data_Page                           0x080022f9   Thumb Code    26  hardware.o(i.Read_Data_Page)
    Read_Flash_ID                            0x08002313   Thumb Code    40  flash_driver.o(i.Read_Flash_ID)
    Select_Flash                             0x08002359   Thumb Code    10  hardware.o(i.Select_Flash)
    SysTick_Handler                          0x08002575   Thumb Code    46  port.o(i.SysTick_Handler)
    SystemCoreClockUpdate                    0x080025a9   Thumb Code   232  system_stm32f10x.o(i.SystemCoreClockUpdate)
    SystemInit                               0x080026a9   Thumb Code    92  system_stm32f10x.o(i.SystemInit)
    TIM2_IRQHandler                          0x08002715   Thumb Code    46  hardware.o(i.TIM2_IRQHandler)
    UART4_IRQHandler                         0x08002749   Thumb Code    10  comm.o(i.UART4_IRQHandler)
    UART_EndTransmit_IT                      0x08002759   Thumb Code    20  comm.o(i.UART_EndTransmit_IT)
    UART_Init                                0x0800276d   Thumb Code    78  comm.o(i.UART_Init)
    UART_MspInit                             0x080027bd   Thumb Code   196  hardware.o(i.UART_MspInit)
    UART_Receive_IT                          0x08002895   Thumb Code    58  comm.o(i.UART_Receive_IT)
    UART_Transmit_IT                         0x080029c5   Thumb Code    68  comm.o(i.UART_Transmit_IT)
    USART1_IRQHandler                        0x08002a09   Thumb Code    10  comm.o(i.USART1_IRQHandler)
    USART2_IRQHandler                        0x08002a19   Thumb Code    10  comm.o(i.USART2_IRQHandler)
    USART3_IRQHandler                        0x08002a29   Thumb Code    10  comm.o(i.USART3_IRQHandler)
    WRSR                                     0x08002a39   Thumb Code    32  hardware.o(i.WRSR)
    Write_Data_Page                          0x08002a5d   Thumb Code    26  hardware.o(i.Write_Data_Page)
    __ARM_fpclassify                         0x08002a95   Thumb Code    40  fpclassify.o(i.__ARM_fpclassify)
    _is_digit                                0x08002abd   Thumb Code    14  __printf_wp.o(i._is_digit)
    _sys_exit                                0x08002acb   Thumb Code     4  retarget.o(i._sys_exit)
    _ttywrch                                 0x08002ad1   Thumb Code    20  retarget.o(i._ttywrch)
    assert_failed                            0x08002ae9   Thumb Code    18  application.o(i.assert_failed)
    ferror                                   0x08002b47   Thumb Code     8  retarget.o(i.ferror)
    flashBusyDelay                           0x08002b51   Thumb Code    54  flash_driver.o(i.flashBusyDelay)
    flash_driver_read                        0x08002b8d   Thumb Code    16  flash_driver.o(i.flash_driver_read)
    flash_driver_read_release                0x08002b9d   Thumb Code     8  flash_driver.o(i.flash_driver_read_release)
    flash_driver_set_flash_read              0x08002ba5   Thumb Code    30  flash_driver.o(i.flash_driver_set_flash_read)
    flash_driver_set_flash_write             0x08002bc5   Thumb Code    70  flash_driver.o(i.flash_driver_set_flash_write)
    flash_driver_write                       0x08002c15   Thumb Code    80  flash_driver.o(i.flash_driver_write)
    flash_driver_write_release               0x08002c6d   Thumb Code    48  flash_driver.o(i.flash_driver_write_release)
    fputc                                    0x08002cc5   Thumb Code    26  retarget.o(i.fputc)
    fs_error_callback                        0x08003009   Thumb Code    14  application.o(i.fs_error_callback)
    fs_fclip                                 0x080030b5   Thumb Code   426  fs.o(i.fs_fclip)
    fs_fclose                                0x08003269   Thumb Code   618  fs.o(i.fs_fclose)
    fs_fgetc                                 0x080034d9   Thumb Code   114  fs.o(i.fs_fgetc)
    fs_fgets                                 0x08003555   Thumb Code    56  fs.o(i.fs_fgets)
    fs_fopen                                 0x08003a7d   Thumb Code   418  fs.o(i.fs_fopen)
    fs_fputc                                 0x08003c85   Thumb Code   240  fs.o(i.fs_fputc)
    fs_fputs                                 0x08003d7d   Thumb Code    38  fs.o(i.fs_fputs)
    fs_mutex_give                            0x08004019   Thumb Code    32  application.o(i.fs_mutex_give)
    fs_mutex_take                            0x0800403d   Thumb Code    42  application.o(i.fs_mutex_take)
    fs_remove                                0x080040d1   Thumb Code    94  fs.o(i.fs_remove)
    fs_remove_num                            0x08004255   Thumb Code    72  fs.o(i.fs_remove_num)
    fs_rename                                0x0800429d   Thumb Code   264  fs.o(i.fs_rename)
    fs_scan_media                            0x08004409   Thumb Code   436  fs.o(i.fs_scan_media)
    get_buffer                               0x08004891   Thumb Code    26  comm.o(i.get_buffer)
    init_app                                 0x080048bd   Thumb Code    52  application.o(i.init_app)
    init_flash                               0x08004901   Thumb Code   200  flash_driver.o(i.init_flash)
    init_flash_hw                            0x08004a91   Thumb Code    32  hardware.o(i.init_flash_hw)
    init_hw                                  0x08004ab5   Thumb Code   464  hardware.o(i.init_hw)
    main                                     0x08004cad   Thumb Code    12  main.o(i.main)
    print_file_list                          0x08004cdd   Thumb Code    54  application.o(i.print_file_list)
    print_file_list_and_files                0x08004d4d   Thumb Code   134  application.o(i.print_file_list_and_files)
    printf_file                              0x08004e11   Thumb Code   176  application.o(i.printf_file)
    printf_text_file                         0x08004eed   Thumb Code    72  application.o(i.printf_text_file)
    pvPortMalloc                             0x08005437   Thumb Code    24  heap_3.o(i.pvPortMalloc)
    pvTaskIncrementMutexHeldCount            0x08005451   Thumb Code    26  tasks.o(i.pvTaskIncrementMutexHeldCount)
    pxPortInitialiseStack                    0x08005471   Thumb Code    26  port.o(i.pxPortInitialiseStack)
    read_file_list                           0x08005491   Thumb Code    92  fs.o(i.read_file_list)
    reset_file_list                          0x080055ed   Thumb Code    18  fs.o(i.reset_file_list)
    scan_end_callback                        0x08005601   Thumb Code    24  application.o(i.scan_end_callback)
    scan_file_info_callback                  0x08005641   Thumb Code    26  application.o(i.scan_file_info_callback)
    scan_fragment_callback                   0x08005689   Thumb Code    18  application.o(i.scan_fragment_callback)
    scan_fs_callback                         0x080056cd   Thumb Code    10  application.o(i.scan_fs_callback)
    scan_integrity_fail_callback             0x080056ed   Thumb Code    18  application.o(i.scan_integrity_fail_callback)
    scan_page_erased_callback                0x08005735   Thumb Code    14  application.o(i.scan_page_erased_callback)
    scan_start_callback                      0x08005759   Thumb Code    30  application.o(i.scan_start_callback)
    sendFlashCommand                         0x0800579d   Thumb Code    92  flash_driver.o(i.sendFlashCommand)
    setupFlashAddress                        0x080057f9   Thumb Code    50  flash_driver.o(i.setupFlashAddress)
    spi_init                                 0x08005835   Thumb Code   112  hardware.o(i.spi_init)
    spi_read_byte                            0x080058b1   Thumb Code    82  hardware.o(i.spi_read_byte)
    spi_send_byte                            0x0800590d   Thumb Code    82  hardware.o(i.spi_send_byte)
    task_A                                   0x08005969   Thumb Code     4  application.o(i.task_A)
    test_fs                                  0x0800596d   Thumb Code   436  application.o(i.test_fs)
    tx_done_callback                         0x08005bc9   Thumb Code     2  hardware.o(i.tx_done_callback)
    uart_putchar                             0x08005bcd   Thumb Code   108  comm.o(i.uart_putchar)
    uxListRemove                             0x08005c3d   Thumb Code    40  list.o(i.uxListRemove)
    vListInitialise                          0x08005c65   Thumb Code    26  list.o(i.vListInitialise)
    vListInitialiseItem                      0x08005c7f   Thumb Code     6  list.o(i.vListInitialiseItem)
    vListInsert                              0x08005c85   Thumb Code    52  list.o(i.vListInsert)
    vListInsertEnd                           0x08005cb9   Thumb Code    24  list.o(i.vListInsertEnd)
    vPortEnterCritical                       0x08005cd1   Thumb Code    76  port.o(i.vPortEnterCritical)
    vPortExitCritical                        0x08005d25   Thumb Code    56  port.o(i.vPortExitCritical)
    vPortFree                                0x08005d61   Thumb Code    22  heap_3.o(i.vPortFree)
    vPortSetupTimerInterrupt                 0x08005d79   Thumb Code    26  port.o(i.vPortSetupTimerInterrupt)
    vTaskMissedYield                         0x08005d99   Thumb Code     8  tasks.o(i.vTaskMissedYield)
    vTaskPlaceOnEventList                    0x08005da5   Thumb Code    52  tasks.o(i.vTaskPlaceOnEventList)
    vTaskPriorityInherit                     0x08005ddd   Thumb Code   164  tasks.o(i.vTaskPriorityInherit)
    vTaskSetTimeOutState                     0x08005e8d   Thumb Code    38  tasks.o(i.vTaskSetTimeOutState)
    vTaskStartScheduler                      0x08005ebd   Thumb Code   100  tasks.o(i.vTaskStartScheduler)
    vTaskSuspendAll                          0x08005f3d   Thumb Code    12  tasks.o(i.vTaskSuspendAll)
    vTaskSwitchContext                       0x08005f4d   Thumb Code   118  tasks.o(i.vTaskSwitchContext)
    watchdog_reset_callback                  0x08005fd9   Thumb Code     2  application.o(i.watchdog_reset_callback)
    xPortStartScheduler                      0x08005fdd   Thumb Code   140  port.o(i.xPortStartScheduler)
    xQueueCreateMutex                        0x0800607d   Thumb Code    34  queue.o(i.xQueueCreateMutex)
    xQueueGenericCreate                      0x0800609f   Thumb Code    88  queue.o(i.xQueueGenericCreate)
    xQueueGenericReceive                     0x080060f9   Thumb Code   408  queue.o(i.xQueueGenericReceive)
    xQueueGenericReset                       0x08006295   Thumb Code   128  queue.o(i.xQueueGenericReset)
    xQueueGenericSend                        0x08006315   Thumb Code   382  queue.o(i.xQueueGenericSend)
    xTaskCheckForTimeOut                     0x08006499   Thumb Code   132  tasks.o(i.xTaskCheckForTimeOut)
    xTaskCreate                              0x08006525   Thumb Code    92  tasks.o(i.xTaskCreate)
    xTaskGetSchedulerState                   0x08006581   Thumb Code    24  tasks.o(i.xTaskGetSchedulerState)
    xTaskIncrementTick                       0x080065a1   Thumb Code   230  tasks.o(i.xTaskIncrementTick)
    xTaskPriorityDisinherit                  0x080066ad   Thumb Code   188  tasks.o(i.xTaskPriorityDisinherit)
    xTaskRemoveFromEventList                 0x08006775   Thumb Code   128  tasks.o(i.xTaskRemoveFromEventList)
    xTaskResumeAll                           0x0800680d   Thumb Code   206  tasks.o(i.xTaskResumeAll)
    _get_lc_ctype                            0x080068fd   Thumb Code    44  lc_ctype_c.o(locale$$code)
    _get_lc_numeric                          0x08006929   Thumb Code    44  lc_numeric_c.o(locale$$code)
    _printf_fp_dec                           0x08006955   Thumb Code     4  printf1.o(x$fpl$printf1)
    __I$use$fp                               0x08006958   Number         0  usenofp.o(x$fpl$usenofp)
    aAPBAHBPrescTable                        0x08006958   Data          16  comm.o(.constdata)
    Region$$Table$$Base                      0x08006a40   Number         0  anon$$obj.o(Region$$Table)
    Region$$Table$$Limit                     0x08006a60   Number         0  anon$$obj.o(Region$$Table)
    __ctype                                  0x08006a6d   Data           0  lc_ctype_c.o(locale$$data)
    Task_A_Handle                            0x20000000   Data           4  application.o(.data)
    Tim2RunCounter                           0x20000008   Data           4  hardware.o(.data)
    putchar_func_pointer                     0x2000004c   Data           4  retarget.o(.data)
    __stdout                                 0x20000050   Data           4  retarget.o(.data)
    __stdin                                  0x20000054   Data           4  retarget.o(.data)
    SystemCoreClock                          0x20000058   Data           4  system_stm32f10x.o(.data)
    AHBPrescTable                            0x2000005c   Data          16  system_stm32f10x.o(.data)
    pxCurrentTCB                             0x2000006c   Data           4  tasks.o(.data)
    first_file_list_item                     0x200000b4   Data           4  fs.o(.data)
    pseffs_error                             0x200000b8   Data           1  fs.o(.data)
    putchar_f                                0x200000bc   Data           4  fs.o(.data)
    next_file_num                            0x200000c0   Data           2  fs.o(.data)
    start_search_page                        0x200000c2   Data           2  fs.o(.data)
    wear_threshold                           0x200000c4   Data           4  fs.o(.data)
    flash_sectors                            0x200000c8   Data           2  flash_driver.o(.data)
    flash_sector_size                        0x200000ca   Data           2  flash_driver.o(.data)
    flash_page_size                          0x200000cc   Data           2  flash_driver.o(.data)
    flash_pages_per_sector                   0x200000ce   Data           2  flash_driver.o(.data)
    flash_first_page                         0x200000d0   Data           2  flash_driver.o(.data)
    flash_last_page                          0x200000d2   Data           2  flash_driver.o(.data)
    wr_payload_index                         0x200000d4   Data           4  flash_driver.o(.data)
    wr_payload                               0x200000d8   Data           2  flash_driver.o(.data)
    current_fat                              0x2000074c   Data          18  fs.o(.bss)
    __libspace_start                         0x20000760   Data          96  libspace.o(.bss)
    __temporary_stack_top$libspace           0x200007c0   Data           0  libspace.o(.bss)



==============================================================================

Memory Map of the image

  Image Entry point : 0x08000151

  Load Region LR_IROM1 (Base: 0x08000000, Size: 0x00006c68, Max: 0x00040000, ABSOLUTE)

    Execution Region ER_IROM1 (Base: 0x08000000, Size: 0x00006b8c, Max: 0x00040000, ABSOLUTE)

    Base Addr    Size         Type   Attr      Idx    E Section Name        Object

    0x08000000   0x00000150   Data   RO          640    RESET               startup_stm32f10x_cl.o
    0x08000150   0x00000008   Code   RO         2364  * !!!main             c_w.l(__main.o)
    0x08000158   0x00000034   Code   RO         2690    !!!scatter          c_w.l(__scatter.o)
    0x0800018c   0x0000001a   Code   RO         2692    !!handler_copy      c_w.l(__scatter_copy.o)
    0x080001a6   0x00000002   PAD
    0x080001a8   0x0000001c   Code   RO         2694    !!handler_zi        c_w.l(__scatter_zi.o)
    0x080001c4   0x00000000   Code   RO         2349    .ARM.Collect$$_printf_percent$$00000000  c_w.l(_printf_percent.o)
    0x080001c4   0x00000006   Code   RO         2449    .ARM.Collect$$_printf_percent$$00000001  c_w.l(_printf_n.o)
    0x080001ca   0x00000006   Code   RO         2451    .ARM.Collect$$_printf_percent$$00000002  c_w.l(_printf_p.o)
    0x080001d0   0x00000006   Code   RO         2455    .ARM.Collect$$_printf_percent$$00000003  c_w.l(_printf_f.o)
    0x080001d6   0x00000006   Code   RO         2456    .ARM.Collect$$_printf_percent$$00000004  c_w.l(_printf_e.o)
    0x080001dc   0x00000006   Code   RO         2457    .ARM.Collect$$_printf_percent$$00000005  c_w.l(_printf_g.o)
    0x080001e2   0x00000006   Code   RO         2458    .ARM.Collect$$_printf_percent$$00000006  c_w.l(_printf_a.o)
    0x080001e8   0x0000000a   Code   RO         2463    .ARM.Collect$$_printf_percent$$00000007  c_w.l(_printf_ll.o)
    0x080001f2   0x00000006   Code   RO         2453    .ARM.Collect$$_printf_percent$$00000008  c_w.l(_printf_i.o)
    0x080001f8   0x00000006   Code   RO         2348    .ARM.Collect$$_printf_percent$$00000009  c_w.l(_printf_d.o)
    0x080001fe   0x00000006   Code   RO         2454    .ARM.Collect$$_printf_percent$$0000000A  c_w.l(_printf_u.o)
    0x08000204   0x00000006   Code   RO         2452    .ARM.Collect$$_printf_percent$$0000000B  c_w.l(_printf_o.o)
    0x0800020a   0x00000006   Code   RO         2450    .ARM.Collect$$_printf_percent$$0000000C  c_w.l(_printf_x.o)
    0x08000210   0x00000006   Code   RO         2460    .ARM.Collect$$_printf_percent$$0000000D  c_w.l(_printf_lli.o)
    0x08000216   0x00000006   Code   RO         2461    .ARM.Collect$$_printf_percent$$0000000E  c_w.l(_printf_lld.o)
    0x0800021c   0x00000006   Code   RO         2462    .ARM.Collect$$_printf_percent$$0000000F  c_w.l(_printf_llu.o)
    0x08000222   0x00000006   Code   RO         2467    .ARM.Collect$$_printf_percent$$00000010  c_w.l(_printf_llo.o)
    0x08000228   0x00000006   Code   RO         2468    .ARM.Collect$$_printf_percent$$00000011  c_w.l(_printf_llx.o)
    0x0800022e   0x0000000a   Code   RO         2464    .ARM.Collect$$_printf_percent$$00000012  c_w.l(_printf_l.o)
    0x08000238   0x00000006   Code   RO         2447    .ARM.Collect$$_printf_percent$$00000013  c_w.l(_printf_c.o)
    0x0800023e   0x00000006   Code   RO         2448    .ARM.Collect$$_printf_percent$$00000014  c_w.l(_printf_s.o)
    0x08000244   0x00000006   Code   RO         2465    .ARM.Collect$$_printf_percent$$00000015  c_w.l(_printf_lc.o)
    0x0800024a   0x00000006   Code   RO         2466    .ARM.Collect$$_printf_percent$$00000016  c_w.l(_printf_ls.o)
    0x08000250   0x00000004   Code   RO         2459    .ARM.Collect$$_printf_percent$$00000017  c_w.l(_printf_percent_end.o)
    0x08000254   0x00000002   Code   RO         2628    .ARM.Collect$$libinit$$00000000  c_w.l(libinit.o)
    0x08000256   0x00000000   Code   RO         2479    .ARM.Collect$$libinit$$00000002  c_w.l(libinit2.o)
    0x08000256   0x00000000   Code   RO         2481    .ARM.Collect$$libinit$$00000004  c_w.l(libinit2.o)
    0x08000256   0x00000008   Code   RO         2482    .ARM.Collect$$libinit$$00000005  c_w.l(libinit2.o)
    0x0800025e   0x00000000   Code   RO         2484    .ARM.Collect$$libinit$$0000000A  c_w.l(libinit2.o)
    0x0800025e   0x00000000   Code   RO         2486    .ARM.Collect$$libinit$$0000000C  c_w.l(libinit2.o)
    0x0800025e   0x00000000   Code   RO         2488    .ARM.Collect$$libinit$$0000000E  c_w.l(libinit2.o)
    0x0800025e   0x00000006   Code   RO         2489    .ARM.Collect$$libinit$$0000000F  c_w.l(libinit2.o)
    0x08000264   0x00000000   Code   RO         2491    .ARM.Collect$$libinit$$00000011  c_w.l(libinit2.o)
    0x08000264   0x0000000c   Code   RO         2492    .ARM.Collect$$libinit$$00000012  c_w.l(libinit2.o)
    0x08000270   0x00000000   Code   RO         2493    .ARM.Collect$$libinit$$00000013  c_w.l(libinit2.o)
    0x08000270   0x00000000   Code   RO         2495    .ARM.Collect$$libinit$$00000015  c_w.l(libinit2.o)
    0x08000270   0x0000000a   Code   RO         2496    .ARM.Collect$$libinit$$00000016  c_w.l(libinit2.o)
    0x0800027a   0x00000000   Code   RO         2497    .ARM.Collect$$libinit$$00000017  c_w.l(libinit2.o)
    0x0800027a   0x00000000   Code   RO         2499    .ARM.Collect$$libinit$$00000019  c_w.l(libinit2.o)
    0x0800027a   0x00000000   Code   RO         2501    .ARM.Collect$$libinit$$0000001B  c_w.l(libinit2.o)
    0x0800027a   0x00000000   Code   RO         2503    .ARM.Collect$$libinit$$0000001D  c_w.l(libinit2.o)
    0x0800027a   0x00000000   Code   RO         2505    .ARM.Collect$$libinit$$0000001F  c_w.l(libinit2.o)
    0x0800027a   0x00000000   Code   RO         2507    .ARM.Collect$$libinit$$00000021  c_w.l(libinit2.o)
    0x0800027a   0x00000000   Code   RO         2509    .ARM.Collect$$libinit$$00000023  c_w.l(libinit2.o)
    0x0800027a   0x00000000   Code   RO         2511    .ARM.Collect$$libinit$$00000025  c_w.l(libinit2.o)
    0x0800027a   0x00000000   Code   RO         2515    .ARM.Collect$$libinit$$0000002C  c_w.l(libinit2.o)
    0x0800027a   0x00000000   Code   RO         2517    .ARM.Collect$$libinit$$0000002E  c_w.l(libinit2.o)
    0x0800027a   0x00000000   Code   RO         2519    .ARM.Collect$$libinit$$00000030  c_w.l(libinit2.o)
    0x0800027a   0x00000000   Code   RO         2521    .ARM.Collect$$libinit$$00000032  c_w.l(libinit2.o)
    0x0800027a   0x00000002   Code   RO         2522    .ARM.Collect$$libinit$$00000033  c_w.l(libinit2.o)
    0x0800027c   0x00000002   Code   RO         2687    .ARM.Collect$$libshutdown$$00000000  c_w.l(libshutdown.o)
    0x0800027e   0x00000000   Code   RO         2645    .ARM.Collect$$libshutdown$$00000002  c_w.l(libshutdown2.o)
    0x0800027e   0x00000000   Code   RO         2647    .ARM.Collect$$libshutdown$$00000004  c_w.l(libshutdown2.o)
    0x0800027e   0x00000000   Code   RO         2650    .ARM.Collect$$libshutdown$$00000007  c_w.l(libshutdown2.o)
    0x0800027e   0x00000000   Code   RO         2653    .ARM.Collect$$libshutdown$$0000000A  c_w.l(libshutdown2.o)
    0x0800027e   0x00000000   Code   RO         2655    .ARM.Collect$$libshutdown$$0000000C  c_w.l(libshutdown2.o)
    0x0800027e   0x00000000   Code   RO         2658    .ARM.Collect$$libshutdown$$0000000F  c_w.l(libshutdown2.o)
    0x0800027e   0x00000002   Code   RO         2659    .ARM.Collect$$libshutdown$$00000010  c_w.l(libshutdown2.o)
    0x08000280   0x00000000   Code   RO         2368    .ARM.Collect$$rtentry$$00000000  c_w.l(__rtentry.o)
    0x08000280   0x00000000   Code   RO         2531    .ARM.Collect$$rtentry$$00000002  c_w.l(__rtentry2.o)
    0x08000280   0x00000006   Code   RO         2543    .ARM.Collect$$rtentry$$00000004  c_w.l(__rtentry4.o)
    0x08000286   0x00000000   Code   RO         2533    .ARM.Collect$$rtentry$$00000009  c_w.l(__rtentry2.o)
    0x08000286   0x00000004   Code   RO         2534    .ARM.Collect$$rtentry$$0000000A  c_w.l(__rtentry2.o)
    0x0800028a   0x00000000   Code   RO         2536    .ARM.Collect$$rtentry$$0000000C  c_w.l(__rtentry2.o)
    0x0800028a   0x00000008   Code   RO         2537    .ARM.Collect$$rtentry$$0000000D  c_w.l(__rtentry2.o)
    0x08000292   0x00000002   Code   RO         2634    .ARM.Collect$$rtexit$$00000000  c_w.l(rtexit.o)
    0x08000294   0x00000000   Code   RO         2661    .ARM.Collect$$rtexit$$00000002  c_w.l(rtexit2.o)
    0x08000294   0x00000004   Code   RO         2662    .ARM.Collect$$rtexit$$00000003  c_w.l(rtexit2.o)
    0x08000298   0x00000006   Code   RO         2663    .ARM.Collect$$rtexit$$00000004  c_w.l(rtexit2.o)
    0x0800029e   0x00000002   PAD
    0x080002a0   0x00000096   Code   RO         1305    .emb_text           port.o
    0x08000336   0x00000002   PAD
    0x08000338   0x00000000   Code   RO         2547    .emb_text           c_w.l(maybetermalloc1.o)
    0x08000338   0x00000040   Code   RO          641    .text               startup_stm32f10x_cl.o
    0x08000378   0x00000002   Code   RO         2242    .text               c_w.l(use_no_semi.o)
    0x0800037a   0x00000002   PAD
    0x0800037c   0x00000010   Code   RO         2244    .text               c_w.l(rt_ctype_table.o)
    0x0800038c   0x00000028   Code   RO         2252    .text               c_w.l(calloc.o)
    0x080003b4   0x0000005e   Code   RO         2254    .text               c_w.l(h1_alloc.o)
    0x08000412   0x0000004e   Code   RO         2256    .text               c_w.l(h1_free.o)
    0x08000460   0x000000b8   Code   RO         2258    .text               c_w.l(h1_realloc.o)
    0x08000518   0x0000001e   Code   RO         2316    .text               c_w.l(toupper.o)
    0x08000536   0x00000002   PAD
    0x08000538   0x0000000c   Code   RO         2318    .text               c_w.l(c89vprintf.o)
    0x08000544   0x0000002c   Code   RO         2320    .text               c_w.l(__2sprintf.o)
    0x08000570   0x00000078   Code   RO         2326    .text               c_w.l(_printf_dec.o)
    0x080005e8   0x00000188   Code   RO         2345    .text               c_w.l(__printf_flags_ss_wp.o)
    0x08000770   0x00000048   Code   RO         2350    .text               c_w.l(strcpy.o)
    0x080007b8   0x0000003e   Code   RO         2352    .text               c_w.l(strlen.o)
    0x080007f6   0x0000008a   Code   RO         2354    .text               c_w.l(rt_memcpy_v6.o)
    0x08000880   0x00000010   Code   RO         2356    .text               c_w.l(aeabi_memset.o)
    0x08000890   0x00000044   Code   RO         2358    .text               c_w.l(rt_memclr.o)
    0x080008d4   0x00000080   Code   RO         2360    .text               c_w.l(strcmpv7m.o)
    0x08000954   0x00000006   Code   RO         2362    .text               c_w.l(heapauxi.o)
    0x0800095a   0x00000002   PAD
    0x0800095c   0x00000008   Code   RO         2372    .text               c_w.l(rt_heap_descriptor_intlibspace.o)
    0x08000964   0x00000008   Code   RO         2377    .text               c_w.l(rt_locale_intlibspace.o)
    0x0800096c   0x00000004   Code   RO         2379    .text               c_w.l(hguard.o)
    0x08000970   0x0000008a   Code   RO         2381    .text               c_w.l(init_alloc.o)
    0x080009fa   0x0000000e   Code   RO         2385    .text               c_w.l(h1_init.o)
    0x08000a08   0x0000004e   Code   RO         2399    .text               c_w.l(_printf_pad.o)
    0x08000a56   0x00000024   Code   RO         2401    .text               c_w.l(_printf_truncate.o)
    0x08000a7a   0x00000052   Code   RO         2403    .text               c_w.l(_printf_str.o)
    0x08000acc   0x000000b2   Code   RO         2405    .text               c_w.l(_printf_intcommon.o)
    0x08000b7e   0x00000028   Code   RO         2407    .text               c_w.l(_printf_charcount.o)
    0x08000ba6   0x00000002   PAD
    0x08000ba8   0x00000030   Code   RO         2409    .text               c_w.l(_printf_char_common.o)
    0x08000bd8   0x0000000a   Code   RO         2411    .text               c_w.l(_sputc.o)
    0x08000be2   0x00000002   PAD
    0x08000be4   0x00000024   Code   RO         2413    .text               c_w.l(_printf_char_file.o)
    0x08000c08   0x000000bc   Code   RO         2415    .text               c_w.l(_printf_wctomb.o)
    0x08000cc4   0x0000007c   Code   RO         2418    .text               c_w.l(_printf_longlong_dec.o)
    0x08000d40   0x00000070   Code   RO         2424    .text               c_w.l(_printf_oct_int_ll.o)
    0x08000db0   0x00000094   Code   RO         2444    .text               c_w.l(_printf_hex_int_ll_ptr.o)
    0x08000e44   0x00000064   Code   RO         2472    .text               c_w.l(rt_memcpy_w.o)
    0x08000ea8   0x0000004e   Code   RO         2474    .text               c_w.l(rt_memclr_w.o)
    0x08000ef6   0x00000002   PAD
    0x08000ef8   0x00000008   Code   RO         2527    .text               c_w.l(libspace.o)
    0x08000f00   0x00000034   Code   RO         2549    .text               c_w.l(h1_extend.o)
    0x08000f34   0x0000008a   Code   RO         2553    .text               c_w.l(lludiv10.o)
    0x08000fbe   0x0000041a   Code   RO         2555    .text               c_w.l(_printf_fp_dec.o)
    0x080013d8   0x0000002c   Code   RO         2559    .text               c_w.l(_printf_char.o)
    0x08001404   0x0000002c   Code   RO         2561    .text               c_w.l(_printf_wchar.o)
    0x08001430   0x00000040   Code   RO         2563    .text               c_w.l(_wcrtomb.o)
    0x08001470   0x0000000e   Code   RO         2565    .text               c_w.l(defsig_rtmem_outer.o)
    0x0800147e   0x0000004a   Code   RO         2577    .text               c_w.l(sys_stackheap_outer.o)
    0x080014c8   0x00000080   Code   RO         2583    .text               c_w.l(_printf_fp_infnan.o)
    0x08001548   0x000000dc   Code   RO         2585    .text               c_w.l(bigflt0.o)
    0x08001624   0x00000012   Code   RO         2613    .text               c_w.l(exit.o)
    0x08001636   0x0000000a   Code   RO         2615    .text               c_w.l(defsig_exit.o)
    0x08001640   0x00000050   Code   RO         2617    .text               c_w.l(defsig_rtmem_inner.o)
    0x08001690   0x00000032   Code   RO         2642    .text               c_w.l(defsig_general.o)
    0x080016c2   0x0000003e   Code   RO         2588    CL$$btod_d2e        c_w.l(btod.o)
    0x08001700   0x00000046   Code   RO         2590    CL$$btod_d2e_denorm_low  c_w.l(btod.o)
    0x08001746   0x00000060   Code   RO         2589    CL$$btod_d2e_norm_op1  c_w.l(btod.o)
    0x080017a6   0x00000338   Code   RO         2598    CL$$btod_div_common  c_w.l(btod.o)
    0x08001ade   0x000000c6   Code   RO         2595    CL$$btod_e2e        c_w.l(btod.o)
    0x08001ba4   0x00000028   Code   RO         2592    CL$$btod_ediv       c_w.l(btod.o)
    0x08001bcc   0x00000028   Code   RO         2591    CL$$btod_emul       c_w.l(btod.o)
    0x08001bf4   0x00000244   Code   RO         2597    CL$$btod_mult_common  c_w.l(btod.o)
    0x08001e38   0x000000b8   Code   RO          457    i.COMM_UART_IRQHandler  comm.o
    0x08001ef0   0x00000040   Code   RO          565    i.DEBUG_printf      retarget.o
    0x08001f30   0x00000020   Code   RO          566    i.DEBUG_putchar     retarget.o
    0x08001f50   0x0000000c   Code   RO          308    i.Deselect_Flash    hardware.o
    0x08001f5c   0x0000001c   Code   RO          309    i.EWSR              hardware.o
    0x08001f78   0x00000020   Code   RO         1754    i.Flash_Erase_Sector  flash_driver.o
    0x08001f98   0x0000001c   Code   RO          111    i.Flash_Fail_Callback  application.o
    0x08001fb4   0x00000018   Code   RO          310    i.Flash_Hold        hardware.o
    0x08001fcc   0x00000018   Code   RO          311    i.Flash_WP          hardware.o
    0x08001fe4   0x00000016   Code   RO         1755    i.Flash_WRDI        flash_driver.o
    0x08001ffa   0x00000016   Code   RO         1756    i.Flash_WREN        flash_driver.o
    0x08002010   0x000001cc   Code   RO         1864    i.GPIO_Init         stm32f10x_gpio.o
    0x080021dc   0x00000030   Code   RO          458    i.HAL_RCC_GetPCLK1Freq  comm.o
    0x0800220c   0x00000030   Code   RO          459    i.HAL_RCC_GetPCLK2Freq  comm.o
    0x0800223c   0x0000002c   Code   RO          113    i.HardFault_Handler  application.o
    0x08002268   0x00000016   Code   RO          312    i.NVIC_EnableIRQ    hardware.o
    0x0800227e   0x00000040   Code   RO          313    i.NVIC_EncodePriority  hardware.o
    0x080022be   0x00000002   PAD
    0x080022c0   0x00000010   Code   RO          314    i.NVIC_GetPriorityGrouping  hardware.o
    0x080022d0   0x00000028   Code   RO          315    i.NVIC_SetPriority  hardware.o
    0x080022f8   0x0000001a   Code   RO          316    i.Read_Data_Page    hardware.o
    0x08002312   0x00000028   Code   RO         1757    i.Read_Flash_ID     flash_driver.o
    0x0800233a   0x0000001e   Code   RO         1403    i.Read_Sector_Info  fs.o
    0x08002358   0x00000010   Code   RO          317    i.Select_Flash      hardware.o
    0x08002368   0x000000ec   Code   RO          647    i.SetSysClock       system_stm32f10x.o
    0x08002454   0x00000120   Code   RO          648    i.SetSysClockTo72   system_stm32f10x.o
    0x08002574   0x00000034   Code   RO         1306    i.SysTick_Handler   port.o
    0x080025a8   0x00000100   Code   RO          649    i.SystemCoreClockUpdate  system_stm32f10x.o
    0x080026a8   0x0000006c   Code   RO          650    i.SystemInit        system_stm32f10x.o
    0x08002714   0x00000034   Code   RO          318    i.TIM2_IRQHandler   hardware.o
    0x08002748   0x00000010   Code   RO          460    i.UART4_IRQHandler  comm.o
    0x08002758   0x00000014   Code   RO          461    i.UART_EndTransmit_IT  comm.o
    0x0800276c   0x0000004e   Code   RO          462    i.UART_Init         comm.o
    0x080027ba   0x00000002   PAD
    0x080027bc   0x000000d8   Code   RO          319    i.UART_MspInit      hardware.o
    0x08002894   0x0000003a   Code   RO          463    i.UART_Receive_IT   comm.o
    0x080028ce   0x00000002   PAD
    0x080028d0   0x000000f4   Code   RO          464    i.UART_SetConfig    comm.o
    0x080029c4   0x00000044   Code   RO          465    i.UART_Transmit_IT  comm.o
    0x08002a08   0x00000010   Code   RO          466    i.USART1_IRQHandler  comm.o
    0x08002a18   0x00000010   Code   RO          467    i.USART2_IRQHandler  comm.o
    0x08002a28   0x00000010   Code   RO          468    i.USART3_IRQHandler  comm.o
    0x08002a38   0x00000024   Code   RO          321    i.WRSR              hardware.o
    0x08002a5c   0x0000001a   Code   RO          322    i.Write_Data_Page   hardware.o
    0x08002a76   0x0000001e   Code   RO         1404    i.Write_Sector_Info  fs.o
    0x08002a94   0x00000028   Code   RO         2632    i.__ARM_fpclassify  m_ws.l(fpclassify.o)
    0x08002abc   0x0000000e   Code   RO         2338    i._is_digit         c_w.l(__printf_wp.o)
    0x08002aca   0x00000004   Code   RO          567    i._sys_exit         retarget.o
    0x08002ace   0x00000002   PAD
    0x08002ad0   0x00000018   Code   RO          568    i._ttywrch          retarget.o
    0x08002ae8   0x00000030   Code   RO          114    i.assert_failed     application.o
    0x08002b18   0x0000002e   Code   RO         1405    i.debug_printf_pseffs_error  fs.o
    0x08002b46   0x00000008   Code   RO          569    i.ferror            retarget.o
    0x08002b4e   0x00000002   PAD
    0x08002b50   0x0000003c   Code   RO         1758    i.flashBusyDelay    flash_driver.o
    0x08002b8c   0x00000010   Code   RO         1759    i.flash_driver_read  flash_driver.o
    0x08002b9c   0x00000008   Code   RO         1760    i.flash_driver_read_release  flash_driver.o
    0x08002ba4   0x0000001e   Code   RO         1761    i.flash_driver_set_flash_read  flash_driver.o
    0x08002bc2   0x00000002   PAD
    0x08002bc4   0x00000050   Code   RO         1762    i.flash_driver_set_flash_write  flash_driver.o
    0x08002c14   0x00000058   Code   RO         1763    i.flash_driver_write  flash_driver.o
    0x08002c6c   0x00000038   Code   RO         1764    i.flash_driver_write_release  flash_driver.o
    0x08002ca4   0x00000020   Code   RO         1408    i.fp_valid          fs.o
    0x08002cc4   0x00000020   Code   RO          571    i.fputc             retarget.o
    0x08002ce4   0x00000062   Code   RO         1410    i.fs_advance_fat    fs.o
    0x08002d46   0x00000056   Code   RO         1411    i.fs_advance_file   fs.o
    0x08002d9c   0x00000048   Code   RO         1412    i.fs_advance_header  fs.o
    0x08002de4   0x000000fc   Code   RO         1413    i.fs_check_file_chain  fs.o
    0x08002ee0   0x00000034   Code   RO         1414    i.fs_check_ram      fs.o
    0x08002f14   0x000000ac   Code   RO         1415    i.fs_create_fat     fs.o
    0x08002fc0   0x00000048   Code   RO         1416    i.fs_erase_page     fs.o
    0x08003008   0x00000028   Code   RO          115    i.fs_error_callback  application.o
    0x08003030   0x00000044   Code   RO         1418    i.fs_fat_remove     fs.o
    0x08003074   0x00000040   Code   RO         1419    i.fs_fat_remove_num  fs.o
    0x080030b4   0x000001b4   Code   RO         1420    i.fs_fclip          fs.o
    0x08003268   0x00000270   Code   RO         1421    i.fs_fclose         fs.o
    0x080034d8   0x0000007c   Code   RO         1423    i.fs_fgetc          fs.o
    0x08003554   0x00000038   Code   RO         1424    i.fs_fgets          fs.o
    0x0800358c   0x00000038   Code   RO         1426    i.fs_file_is_open   fs.o
    0x080035c4   0x00000120   Code   RO         1427    i.fs_find_fat       fs.o
    0x080036e4   0x00000070   Code   RO         1428    i.fs_find_file_info  fs.o
    0x08003754   0x0000002c   Code   RO         1429    i.fs_find_file_num  fs.o
    0x08003780   0x000002fc   Code   RO         1430    i.fs_find_open_page  fs.o
    0x08003a7c   0x000001ac   Code   RO         1431    i.fs_fopen          fs.o
    0x08003c28   0x0000005c   Code   RO         1432    i.fs_format_fname   fs.o
    0x08003c84   0x000000f8   Code   RO         1433    i.fs_fputc          fs.o
    0x08003d7c   0x00000026   Code   RO         1434    i.fs_fputs          fs.o
    0x08003da2   0x00000002   PAD
    0x08003da4   0x00000084   Code   RO         1435    i.fs_free_file_mem  fs.o
    0x08003e28   0x00000054   Code   RO         1439    i.fs_get_file_mem   fs.o
    0x08003e7c   0x000000c0   Code   RO         1440    i.fs_get_file_num   fs.o
    0x08003f3c   0x00000026   Code   RO         1441    i.fs_init_fat       fs.o
    0x08003f62   0x00000002   PAD
    0x08003f64   0x00000090   Code   RO         1442    i.fs_init_new_file  fs.o
    0x08003ff4   0x00000022   Code   RO         1443    i.fs_load_file      fs.o
    0x08004016   0x00000002   PAD
    0x08004018   0x00000024   Code   RO          116    i.fs_mutex_give     application.o
    0x0800403c   0x00000030   Code   RO          117    i.fs_mutex_take     application.o
    0x0800406c   0x00000064   Code   RO         1444    i.fs_read_fat_data  fs.o
    0x080040d0   0x0000005e   Code   RO         1445    i.fs_remove         fs.o
    0x0800412e   0x00000002   PAD
    0x08004130   0x000000ec   Code   RO         1446    i.fs_remove_file_chain  fs.o
    0x0800421c   0x00000038   Code   RO         1447    i.fs_remove_file_fragments  fs.o
    0x08004254   0x00000048   Code   RO         1448    i.fs_remove_num     fs.o
    0x0800429c   0x0000010c   Code   RO         1449    i.fs_rename         fs.o
    0x080043a8   0x00000060   Code   RO         1450    i.fs_reset_fat      fs.o
    0x08004408   0x000001c0   Code   RO         1452    i.fs_scan_media     fs.o
    0x080045c8   0x00000144   Code   RO         1453    i.fs_update_fat     fs.o
    0x0800470c   0x000000d0   Code   RO         1454    i.fs_write_fat_data  fs.o
    0x080047dc   0x000000b4   Code   RO         1455    i.fs_write_page     fs.o
    0x08004890   0x0000002c   Code   RO          469    i.get_buffer        comm.o
    0x080048bc   0x00000044   Code   RO          118    i.init_app          application.o
    0x08004900   0x00000190   Code   RO         1765    i.init_flash        flash_driver.o
    0x08004a90   0x00000024   Code   RO          323    i.init_flash_hw     hardware.o
    0x08004ab4   0x000001f8   Code   RO          324    i.init_hw           hardware.o
    0x08004cac   0x0000000c   Code   RO            3    i.main              main.o
    0x08004cb8   0x00000014   Code   RO         1456    i.next_link_num     fs.o
    0x08004ccc   0x00000010   Code   RO         1457    i.previous_link_num  fs.o
    0x08004cdc   0x00000070   Code   RO          119    i.print_file_list   application.o
    0x08004d4c   0x000000c4   Code   RO          120    i.print_file_list_and_files  application.o
    0x08004e10   0x000000dc   Code   RO          121    i.printf_file       application.o
    0x08004eec   0x00000064   Code   RO          122    i.printf_text_file  application.o
    0x08004f50   0x00000098   Code   RO         1008    i.prvAddCurrentTaskToDelayedList  tasks.o
    0x08004fe8   0x00000098   Code   RO         1009    i.prvAddNewTaskToReadyList  tasks.o
    0x08005080   0x00000064   Code   RO         1010    i.prvCheckTasksWaitingTermination  tasks.o
    0x080050e4   0x0000002a   Code   RO          835    i.prvCopyDataFromQueue  queue.o
    0x0800510e   0x0000007c   Code   RO          836    i.prvCopyDataToQueue  queue.o
    0x0800518a   0x00000012   Code   RO         1011    i.prvDeleteTCB      tasks.o
    0x0800519c   0x0000001c   Code   RO         1012    i.prvIdleTask       tasks.o
    0x080051b8   0x0000001c   Code   RO          837    i.prvInitialiseMutex  queue.o
    0x080051d4   0x00000026   Code   RO          838    i.prvInitialiseNewQueue  queue.o
    0x080051fa   0x000000aa   Code   RO         1013    i.prvInitialiseNewTask  tasks.o
    0x080052a4   0x00000068   Code   RO         1014    i.prvInitialiseTaskLists  tasks.o
    0x0800530c   0x0000001a   Code   RO          839    i.prvIsQueueEmpty   queue.o
    0x08005326   0x0000001e   Code   RO          840    i.prvIsQueueFull    queue.o
    0x08005344   0x00000034   Code   RO         1015    i.prvResetNextTaskUnblockTime  tasks.o
    0x08005378   0x00000040   Code   RO         1307    i.prvTaskExitError  port.o
    0x080053b8   0x0000007e   Code   RO          841    i.prvUnlockQueue    queue.o
    0x08005436   0x00000018   Code   RO         1382    i.pvPortMalloc      heap_3.o
    0x0800544e   0x00000002   PAD
    0x08005450   0x00000020   Code   RO         1017    i.pvTaskIncrementMutexHeldCount  tasks.o
    0x08005470   0x00000020   Code   RO         1308    i.pxPortInitialiseStack  port.o
    0x08005490   0x00000060   Code   RO         1458    i.read_file_list    fs.o
    0x080054f0   0x00000060   Code   RO         1459    i.read_page         fs.o
    0x08005550   0x00000050   Code   RO         1460    i.read_page_data    fs.o
    0x080055a0   0x0000004c   Code   RO         1461    i.read_page_header  fs.o
    0x080055ec   0x00000012   Code   RO         1462    i.reset_file_list   fs.o
    0x080055fe   0x00000002   PAD
    0x08005600   0x00000040   Code   RO          124    i.scan_end_callback  application.o
    0x08005640   0x00000048   Code   RO          125    i.scan_file_info_callback  application.o
    0x08005688   0x00000044   Code   RO          126    i.scan_fragment_callback  application.o
    0x080056cc   0x00000020   Code   RO          127    i.scan_fs_callback  application.o
    0x080056ec   0x00000048   Code   RO          128    i.scan_integrity_fail_callback  application.o
    0x08005734   0x00000024   Code   RO          129    i.scan_page_erased_callback  application.o
    0x08005758   0x00000044   Code   RO          130    i.scan_start_callback  application.o
    0x0800579c   0x0000005c   Code   RO         1766    i.sendFlashCommand  flash_driver.o
    0x080057f8   0x0000003c   Code   RO         1767    i.setupFlashAddress  flash_driver.o
    0x08005834   0x0000007c   Code   RO          325    i.spi_init          hardware.o
    0x080058b0   0x0000005c   Code   RO          326    i.spi_read_byte     hardware.o
    0x0800590c   0x0000005c   Code   RO          327    i.spi_send_byte     hardware.o
    0x08005968   0x00000004   Code   RO          131    i.task_A            application.o
    0x0800596c   0x0000025c   Code   RO          132    i.test_fs           application.o
    0x08005bc8   0x00000002   Code   RO          328    i.tx_done_callback  hardware.o
    0x08005bca   0x00000002   PAD
    0x08005bcc   0x00000070   Code   RO          471    i.uart_putchar      comm.o
    0x08005c3c   0x00000028   Code   RO          798    i.uxListRemove      list.o
    0x08005c64   0x0000001a   Code   RO          799    i.vListInitialise   list.o
    0x08005c7e   0x00000006   Code   RO          800    i.vListInitialiseItem  list.o
    0x08005c84   0x00000034   Code   RO          801    i.vListInsert       list.o
    0x08005cb8   0x00000018   Code   RO          802    i.vListInsertEnd    list.o
    0x08005cd0   0x00000054   Code   RO         1310    i.vPortEnterCritical  port.o
    0x08005d24   0x0000003c   Code   RO         1311    i.vPortExitCritical  port.o
    0x08005d60   0x00000016   Code   RO         1383    i.vPortFree         heap_3.o
    0x08005d76   0x00000002   PAD
    0x08005d78   0x00000020   Code   RO         1312    i.vPortSetupTimerInterrupt  port.o
    0x08005d98   0x0000000c   Code   RO         1027    i.vTaskMissedYield  tasks.o
    0x08005da4   0x00000038   Code   RO         1029    i.vTaskPlaceOnEventList  tasks.o
    0x08005ddc   0x000000b0   Code   RO         1031    i.vTaskPriorityInherit  tasks.o
    0x08005e8c   0x00000030   Code   RO         1034    i.vTaskSetTimeOutState  tasks.o
    0x08005ebc   0x00000080   Code   RO         1035    i.vTaskStartScheduler  tasks.o
    0x08005f3c   0x00000010   Code   RO         1037    i.vTaskSuspendAll   tasks.o
    0x08005f4c   0x0000008c   Code   RO         1038    i.vTaskSwitchContext  tasks.o
    0x08005fd8   0x00000002   Code   RO          133    i.watchdog_reset_callback  application.o
    0x08005fda   0x00000002   PAD
    0x08005fdc   0x000000a0   Code   RO         1314    i.xPortStartScheduler  port.o
    0x0800607c   0x00000022   Code   RO          849    i.xQueueCreateMutex  queue.o
    0x0800609e   0x00000058   Code   RO          850    i.xQueueGenericCreate  queue.o
    0x080060f6   0x00000002   PAD
    0x080060f8   0x0000019c   Code   RO          851    i.xQueueGenericReceive  queue.o
    0x08006294   0x00000080   Code   RO          852    i.xQueueGenericReset  queue.o
    0x08006314   0x00000184   Code   RO          853    i.xQueueGenericSend  queue.o
    0x08006498   0x0000008c   Code   RO         1039    i.xTaskCheckForTimeOut  tasks.o
    0x08006524   0x0000005c   Code   RO         1040    i.xTaskCreate       tasks.o
    0x08006580   0x00000020   Code   RO         1044    i.xTaskGetSchedulerState  tasks.o
    0x080065a0   0x0000010c   Code   RO         1047    i.xTaskIncrementTick  tasks.o
    0x080066ac   0x000000c8   Code   RO         1050    i.xTaskPriorityDisinherit  tasks.o
    0x08006774   0x00000098   Code   RO         1051    i.xTaskRemoveFromEventList  tasks.o
    0x0800680c   0x000000f0   Code   RO         1053    i.xTaskResumeAll    tasks.o
    0x080068fc   0x0000002c   Code   RO         2470    locale$$code        c_w.l(lc_ctype_c.o)
    0x08006928   0x0000002c   Code   RO         2611    locale$$code        c_w.l(lc_numeric_c.o)
    0x08006954   0x00000004   Code   RO         2523    x$fpl$printf1       fz_ws.l(printf1.o)
    0x08006958   0x00000000   Code   RO         2631    x$fpl$usenofp       fz_ws.l(usenofp.o)
    0x08006958   0x00000010   Data   RO          473    .constdata          comm.o
    0x08006968   0x00000011   Data   RO         2346    .constdata          c_w.l(__printf_flags_ss_wp.o)
    0x08006979   0x00000003   PAD
    0x0800697c   0x00000008   Data   RO         2416    .constdata          c_w.l(_printf_wctomb.o)
    0x08006984   0x00000028   Data   RO         2445    .constdata          c_w.l(_printf_hex_int_ll_ptr.o)
    0x080069ac   0x00000094   Data   RO         2586    .constdata          c_w.l(bigflt0.o)
    0x08006a40   0x00000020   Data   RO         2688    Region$$Table       anon$$obj.o
    0x08006a60   0x00000110   Data   RO         2469    locale$$data        c_w.l(lc_ctype_c.o)
    0x08006b70   0x0000001c   Data   RO         2610    locale$$data        c_w.l(lc_numeric_c.o)


    Execution Region RW_IRAM1 (Base: 0x20000000, Size: 0x0000bbc0, Max: 0x00010000, ABSOLUTE)

    Base Addr    Size         Type   Attr      Idx    E Section Name        Object

    0x20000000   0x00000008   Data   RW          134    .data               application.o
    0x20000008   0x00000004   Data   RW          330    .data               hardware.o
    0x2000000c   0x00000040   Data   RW          474    .data               comm.o
    0x2000004c   0x0000000c   Data   RW          572    .data               retarget.o
    0x20000058   0x00000014   Data   RW          651    .data               system_stm32f10x.o
    0x2000006c   0x0000003c   Data   RW         1056    .data               tasks.o
    0x200000a8   0x0000000c   Data   RW         1315    .data               port.o
    0x200000b4   0x00000014   Data   RW         1464    .data               fs.o
    0x200000c8   0x00000012   Data   RW         1768    .data               flash_driver.o
    0x200000da   0x00000002   PAD
    0x200000dc   0x00000580   Zero   RW          472    .bss                comm.o
    0x2000065c   0x000000f0   Zero   RW         1055    .bss                tasks.o
    0x2000074c   0x00000012   Zero   RW         1463    .bss                fs.o
    0x2000075e   0x00000002   PAD
    0x20000760   0x00000060   Zero   RW         2528    .bss                c_w.l(libspace.o)
    0x200007c0   0x0000b000   Zero   RW          639    HEAP                startup_stm32f10x_cl.o
    0x2000b7c0   0x00000400   Zero   RW          638    STACK               startup_stm32f10x_cl.o


==============================================================================

Image component sizes


      Code (inc. data)   RO Data    RW Data    ZI Data      Debug   Object Name

      1962        742          0          8          0      35821   application.o
       968         78         16         64       1408      12047   comm.o
         0          0          0          0          0       9604   event_groups.o
      1006        242          0         18          0       8737   flash_driver.o
      7492        392          0         20         18      33349   fs.o
      1452        142          0          4          0      32202   hardware.o
        46          0          0          0          0       1123   heap_3.o
       148          0          0          0          0       2982   list.o
        12          0          0          0          0     247535   main.o
       634         66          0         12          0       9484   port.o
      1464         10          0          0          0      10934   queue.o
       164         26          0         12          0       5318   retarget.o
        64         26        336          0      46080        776   startup_stm32f10x_cl.o
       460         82          0          0          0       2096   stm32f10x_gpio.o
       888         66          0         20          0       3085   system_stm32f10x.o
      2508        330          0         60        240      18574   tasks.o

    ----------------------------------------------------------------------
     19302       2202        384        220      47748     433667   Object Totals
         0          0         32          0          0          0   (incl. Generated)
        34          0          0          2          2          0   (incl. Padding)

    ----------------------------------------------------------------------

      Code (inc. data)   RO Data    RW Data    ZI Data      Debug   Library Member Name

        44          6          0          0          0         84   __2sprintf.o
         8          0          0          0          0         68   __main.o
       392          4         17          0          0         92   __printf_flags_ss_wp.o
        14          0          0          0          0         68   __printf_wp.o
         0          0          0          0          0          0   __rtentry.o
        12          0          0          0          0          0   __rtentry2.o
         6          0          0          0          0          0   __rtentry4.o
        52          8          0          0          0          0   __scatter.o
        26          0          0          0          0          0   __scatter_copy.o
        28          0          0          0          0          0   __scatter_zi.o
         6          0          0          0          0          0   _printf_a.o
         6          0          0          0          0          0   _printf_c.o
        44          0          0          0          0        108   _printf_char.o
        48          6          0          0          0         96   _printf_char_common.o
        36          4          0          0          0         80   _printf_char_file.o
        40          0          0          0          0         68   _printf_charcount.o
         6          0          0          0          0          0   _printf_d.o
       120         16          0          0          0         92   _printf_dec.o
         6          0          0          0          0          0   _printf_e.o
         6          0          0          0          0          0   _printf_f.o
      1050          0          0          0          0        216   _printf_fp_dec.o
       128         16          0          0          0         84   _printf_fp_infnan.o
         6          0          0          0          0          0   _printf_g.o
       148          4         40          0          0        160   _printf_hex_int_ll_ptr.o
         6          0          0          0          0          0   _printf_i.o
       178          0          0          0          0         88   _printf_intcommon.o
        10          0          0          0          0          0   _printf_l.o
         6          0          0          0          0          0   _printf_lc.o
        10          0          0          0          0          0   _printf_ll.o
         6          0          0          0          0          0   _printf_lld.o
         6          0          0          0          0          0   _printf_lli.o
         6          0          0          0          0          0   _printf_llo.o
         6          0          0          0          0          0   _printf_llu.o
         6          0          0          0          0          0   _printf_llx.o
       124         16          0          0          0         92   _printf_longlong_dec.o
         6          0          0          0          0          0   _printf_ls.o
         6          0          0          0          0          0   _printf_n.o
         6          0          0          0          0          0   _printf_o.o
       112          8          0          0          0        124   _printf_oct_int_ll.o
         6          0          0          0          0          0   _printf_p.o
        78          0          0          0          0        108   _printf_pad.o
         0          0          0          0          0          0   _printf_percent.o
         4          0          0          0          0          0   _printf_percent_end.o
         6          0          0          0          0          0   _printf_s.o
        82          0          0          0          0         80   _printf_str.o
        36          0          0          0          0         84   _printf_truncate.o
         6          0          0          0          0          0   _printf_u.o
        44          0          0          0          0        108   _printf_wchar.o
       188          6          8          0          0         92   _printf_wctomb.o
         6          0          0          0          0          0   _printf_x.o
        10          0          0          0          0         68   _sputc.o
        64          0          0          0          0         92   _wcrtomb.o
        16          0          0          0          0         68   aeabi_memset.o
       220          4        148          0          0         96   bigflt0.o
      1910        128          0          0          0        672   btod.o
        12          4          0          0          0         68   c89vprintf.o
        40          0          0          0          0         80   calloc.o
        10          0          0          0          0         68   defsig_exit.o
        50          0          0          0          0         88   defsig_general.o
        80         58          0          0          0         76   defsig_rtmem_inner.o
        14          0          0          0          0         80   defsig_rtmem_outer.o
        18          0          0          0          0         80   exit.o
        94          0          0          0          0         80   h1_alloc.o
        52          0          0          0          0         68   h1_extend.o
        78          0          0          0          0         80   h1_free.o
        14          0          0          0          0         84   h1_init.o
       184          0          0          0          0         92   h1_realloc.o
         6          0          0          0          0        152   heapauxi.o
         4          0          0          0          0        136   hguard.o
       138          0          0          0          0        168   init_alloc.o
        44         10        272          0          0         76   lc_ctype_c.o
        44         10         28          0          0         76   lc_numeric_c.o
         2          0          0          0          0          0   libinit.o
        38          0          0          0          0          0   libinit2.o
         2          0          0          0          0          0   libshutdown.o
         2          0          0          0          0          0   libshutdown2.o
         8          4          0          0         96         68   libspace.o
       138          0          0          0          0         80   lludiv10.o
         0          0          0          0          0          0   maybetermalloc1.o
        16          4          0          0          0         76   rt_ctype_table.o
         8          4          0          0          0         68   rt_heap_descriptor_intlibspace.o
         8          4          0          0          0         68   rt_locale_intlibspace.o
        68          0          0          0          0         68   rt_memclr.o
        78          0          0          0          0         80   rt_memclr_w.o
       138          0          0          0          0         68   rt_memcpy_v6.o
       100          0          0          0          0         80   rt_memcpy_w.o
         2          0          0          0          0          0   rtexit.o
        10          0          0          0          0          0   rtexit2.o
       128          0          0          0          0         68   strcmpv7m.o
        72          0          0          0          0         80   strcpy.o
        62          0          0          0          0         76   strlen.o
        74          0          0          0          0         80   sys_stackheap_outer.o
        30          0          0          0          0         76   toupper.o
         2          0          0          0          0         68   use_no_semi.o
         4          0          0          0          0         68   printf1.o
         0          0          0          0          0          0   usenofp.o
        40          0          0          0          0         68   fpclassify.o

    ----------------------------------------------------------------------
      7330        324        516          0         96       5780   Library Totals
        16          0          3          0          0          0   (incl. Padding)

    ----------------------------------------------------------------------

      Code (inc. data)   RO Data    RW Data    ZI Data      Debug   Library Name

      7270        324        513          0         96       5644   c_w.l
         4          0          0          0          0         68   fz_ws.l
        40          0          0          0          0         68   m_ws.l

    ----------------------------------------------------------------------
      7330        324        516          0         96       5780   Library Totals

    ----------------------------------------------------------------------

==============================================================================


      Code (inc. data)   RO Data    RW Data    ZI Data      Debug   

     26632       2526        900        220      47844     426963   Grand Totals
     26632       2526        900        220      47844     426963   ELF Image Totals
     26632       2526        900        220          0          0   ROM Totals

==============================================================================

    Total RO  Size (Code + RO Data)                27532 (  26.89kB)
    Total RW  Size (RW Data + ZI Data)             48064 (  46.94kB)
    Total ROM Size (Code + RO Data + RW Data)      27752 (  27.10kB)

==============================================================================

